Mar 26 04:38:06 deol newsyslog[550]: logfile first created

Mar 26 04:38:06 deol syslogd: kernel boot file is /boot/kernel/kernel

Mar 26 04:38:06 deol kernel: ---<<BOOT>>---

Mar 26 04:38:06 deol kernel: Copyright (c) 1992-2021 The FreeBSD Project.

Mar 26 04:38:06 deol kernel: Copyright (c) 1979, 1980, 1983, 1986, 1988, 1989, 1991, 1992, 1993, 1994

Mar 26 04:38:06 deol kernel: 	The Regents of the University of California. All rights reserved.

Mar 26 04:38:06 deol kernel: FreeBSD is a registered trademark of The FreeBSD Foundation.

Mar 26 04:38:06 deol kernel: FreeBSD 13.1-RELEASE releng/13.1-n250148-fc952ac2212 GENERIC amd64

Mar 26 04:38:06 deol kernel: FreeBSD clang version 13.0.0 (git@github.com:llvm/llvm-project.git llvmorg-13.0.0-0-gd7b669b3a303)

Mar 26 04:38:06 deol kernel: VT(vga): text 80x25

Mar 26 04:38:06 deol kernel: CPU: 11th Gen Intel(R) Core(TM) i7-11800H @ 2.30GHz (2304.96-MHz K8-class CPU)

Mar 26 04:38:06 deol kernel:   Origin="GenuineIntel"  Id=0x806d1  Family=0x6  Model=0x8d  Stepping=1

Mar 26 04:38:06 deol kernel:   Features=0x1783fbff<FPU,VME,DE,PSE,TSC,MSR,PAE,MCE,CX8,APIC,SEP,MTRR,PGE,MCA,CMOV,PAT,PSE36,MMX,FXSR,SSE,SSE2,HTT>

Mar 26 04:38:06 deol kernel:   Features2=0x42da2203<SSE3,PCLMULQDQ,SSSE3,CX16,PCID,SSE4.1,SSE4.2,MOVBE,POPCNT,AESNI,RDRAND>

Mar 26 04:38:06 deol kernel:   AMD Features=0x28100800<SYSCALL,NX,RDTSCP,LM>

Mar 26 04:38:06 deol kernel:   AMD Features2=0x121<LAHF,ABM,Prefetch>

Mar 26 04:38:06 deol kernel:   Structured Extended Features=0x842509<FSGSBASE,BMI1,BMI2,INVPCID,NFPUSG,RDSEED,CLFLUSHOPT>

Mar 26 04:38:06 deol kernel:   Structured Extended Features3=0x30000400<MD_CLEAR,L1DFL,ARCH_CAP>

Mar 26 04:38:06 deol kernel:   IA32_ARCH_CAPS=0x67<RDCL_NO,IBRS_ALL,RSBA,MDS_NO>

Mar 26 04:38:06 deol kernel:   TSC: P-state invariant

Mar 26 04:38:06 deol kernel: real memory  = 2281635840 (2175 MB)

Mar 26 04:38:06 deol kernel: avail memory = 2176802816 (2075 MB)

Mar 26 04:38:06 deol kernel: Event timer "LAPIC" quality 100

Mar 26 04:38:06 deol kernel: ACPI APIC Table: <VBOX   VBOXAPIC>

Mar 26 04:38:06 deol kernel: FreeBSD/SMP: Multiprocessor System Detected: 2 CPUs

Mar 26 04:38:06 deol kernel: FreeBSD/SMP: 1 package(s) x 2 cache groups x 1 core(s)

Mar 26 04:38:06 deol kernel: random: registering fast source Intel Secure Key RNG

Mar 26 04:38:06 deol kernel: random: fast provider: "Intel Secure Key RNG"

Mar 26 04:38:06 deol kernel: random: unblocking device.

Mar 26 04:38:06 deol kernel: ioapic0: MADT APIC ID 2 != hw id 0

Mar 26 04:38:06 deol kernel: ioapic0 <Version 2.0> irqs 0-23

Mar 26 04:38:06 deol kernel: Launching APs: 1

Mar 26 04:38:06 deol kernel: random: entropy device external interface

Mar 26 04:38:06 deol kernel: kbd1 at kbdmux0

Mar 26 04:38:06 deol kernel: vtvga0: <VT VGA driver>

Mar 26 04:38:06 deol kernel: smbios0: <System Management BIOS> at iomem 0xfff60-0xfff7e

Mar 26 04:38:06 deol kernel: smbios0: Version: 2.5, BCD Revision: 2.5

Mar 26 04:38:06 deol kernel: aesni0: <AES-CBC,AES-CCM,AES-GCM,AES-ICM,AES-XTS>

Mar 26 04:38:06 deol kernel: acpi0: <VBOX VBOXXSDT>

Mar 26 04:38:06 deol kernel: acpi0: Power Button (fixed)

Mar 26 04:38:06 deol kernel: acpi0: Sleep Button (fixed)

Mar 26 04:38:06 deol kernel: cpu0: <ACPI CPU> on acpi0

Mar 26 04:38:06 deol kernel: attimer0: <AT timer> port 0x40-0x43,0x50-0x53 on acpi0

Mar 26 04:38:06 deol kernel: Timecounter "i8254" frequency 1193182 Hz quality 0

Mar 26 04:38:06 deol kernel: Event timer "i8254" frequency 1193182 Hz quality 100

Mar 26 04:38:06 deol kernel: Timecounter "ACPI-fast" frequency 3579545 Hz quality 900

Mar 26 04:38:06 deol kernel: acpi_timer0: <32-bit timer at 3.579545MHz> port 0x4008-0x400b on acpi0

Mar 26 04:38:06 deol kernel: pcib0: <ACPI Host-PCI bridge> port 0xcf8-0xcff on acpi0

Mar 26 04:38:06 deol kernel: pci0: <ACPI PCI bus> on pcib0

Mar 26 04:38:06 deol kernel: isab0: <PCI-ISA bridge> at device 1.0 on pci0

Mar 26 04:38:06 deol kernel: isa0: <ISA bus> on isab0

Mar 26 04:38:06 deol kernel: atapci0: <Intel PIIX4 UDMA33 controller> port 0x1f0-0x1f7,0x3f6,0x170-0x177,0x376,0xd000-0xd00f at device 1.1 on pci0

Mar 26 04:38:06 deol kernel: ata0: <ATA channel> at channel 0 on atapci0

Mar 26 04:38:06 deol kernel: ata1: <ATA channel> at channel 1 on atapci0

Mar 26 04:38:06 deol kernel: vgapci0: <VGA-compatible display> port 0xd010-0xd01f mem 0xe0000000-0xe0ffffff,0xf0000000-0xf01fffff irq 18 at device 2.0 on pci0

Mar 26 04:38:06 deol kernel: vgapci0: Boot video device

Mar 26 04:38:06 deol kernel: em0: <Intel(R) Legacy PRO/1000 MT 82540EM> port 0xd020-0xd027 mem 0xf0200000-0xf021ffff irq 19 at device 3.0 on pci0

Mar 26 04:38:06 deol kernel: em0: Using 1024 TX descriptors and 1024 RX descriptors

Mar 26 04:38:06 deol kernel: em0: Ethernet address: 08:00:27:f3:52:27

Mar 26 04:38:06 deol kernel: em0: netmap queues/slots: TX 1/1024, RX 1/1024

Mar 26 04:38:06 deol kernel: pcm0: <Intel ICH (82801AA)> port 0xd100-0xd1ff,0xd200-0xd23f irq 21 at device 5.0 on pci0

Mar 26 04:38:06 deol kernel: pcm0: <SigmaTel STAC9700/83/84 AC97 Codec>

Mar 26 04:38:06 deol kernel: ohci0: <Apple KeyLargo/Intrepid USB controller> mem 0xf0804000-0xf0804fff irq 22 at device 6.0 on pci0

Mar 26 04:38:06 deol kernel: usbus0 on ohci0

Mar 26 04:38:06 deol kernel: usbus0: 12Mbps Full Speed USB v1.0

Mar 26 04:38:06 deol kernel: pci0: <bridge> at device 7.0 (no driver attached)

Mar 26 04:38:06 deol kernel: ehci0: <Intel 82801FB (ICH6) USB 2.0 controller> mem 0xf0805000-0xf0805fff irq 19 at device 11.0 on pci0

Mar 26 04:38:06 deol kernel: usbus1: EHCI version 1.0

Mar 26 04:38:06 deol kernel: usbus1 on ehci0

Mar 26 04:38:06 deol kernel: usbus1: 480Mbps High Speed USB v2.0

Mar 26 04:38:06 deol kernel: battery0: <ACPI Control Method Battery> on acpi0

Mar 26 04:38:06 deol kernel: acpi_acad0: <AC Adapter> on acpi0

Mar 26 04:38:06 deol kernel: atkbdc0: <Keyboard controller (i8042)> port 0x60,0x64 irq 1 on acpi0

Mar 26 04:38:06 deol kernel: atkbd0: <AT Keyboard> irq 1 on atkbdc0

Mar 26 04:38:06 deol kernel: kbd0 at atkbd0

Mar 26 04:38:06 deol kernel: atkbd0: [GIANT-LOCKED]

Mar 26 04:38:06 deol kernel: psm0: <PS/2 Mouse> irq 12 on atkbdc0

Mar 26 04:38:06 deol kernel: psm0: [GIANT-LOCKED]

Mar 26 04:38:06 deol kernel: WARNING: Device "psm" is Giant locked and may be deleted before FreeBSD 14.0.

Mar 26 04:38:06 deol kernel: psm0: model IntelliMouse Explorer, device ID 4

Mar 26 04:38:06 deol kernel: orm0: <ISA Option ROMs> at iomem 0xc0000-0xc7fff,0xe2000-0xe2fff pnpid ORM0000 on isa0

Mar 26 04:38:06 deol kernel: vga0: <Generic ISA VGA> at port 0x3c0-0x3df iomem 0xa0000-0xbffff pnpid PNP0900 on isa0

Mar 26 04:38:06 deol kernel: atrtc0: <AT realtime clock> at port 0x70 irq 8 on isa0

Mar 26 04:38:06 deol kernel: atrtc0: registered as a time-of-day clock, resolution 1.000000s

Mar 26 04:38:06 deol kernel: Event timer "RTC" frequency 32768 Hz quality 0

Mar 26 04:38:06 deol kernel: atrtc0: non-PNP ISA device will be removed from GENERIC in FreeBSD 14.

Mar 26 04:38:06 deol kernel: Statistical TSC calibration failed!  Clocks might be ticking at variable rates.

Mar 26 04:38:06 deol kernel: Falling back to slow TSC calibration.

Mar 26 04:38:06 deol kernel: Timecounter "TSC-low" frequency 1149524913 Hz quality 0

Mar 26 04:38:06 deol kernel: Timecounters tick every 10.000 msec

Mar 26 04:38:06 deol kernel: ugen1.1: <Intel EHCI root HUB> at usbus1

Mar 26 04:38:06 deol kernel: uhub0 on usbus1

Mar 26 04:38:06 deol kernel: uhub0: <Intel EHCI root HUB, class 9/0, rev 2.00/1.00, addr 1> on usbus1

Mar 26 04:38:06 deol kernel: ugen0.1: <Apple OHCI root HUB> at usbus0

Mar 26 04:38:06 deol kernel: uhub1 on usbus0

Mar 26 04:38:06 deol kernel: uhub1: <Apple OHCI root HUB, class 9/0, rev 1.00/1.00, addr 1> on usbus0

Mar 26 04:38:06 deol kernel: Trying to mount root from ufs:/dev/ada0s1a [rw]...

Mar 26 04:38:06 deol kernel: uhub1: 12 ports with 12 removable, self powered

Mar 26 04:38:06 deol kernel: ada0 at ata0 bus 0 scbus0 target 0 lun 0

Mar 26 04:38:06 deol kernel: ada0: <VBOX HARDDISK 1.0> ATA-6 device

Mar 26 04:38:06 deol kernel: ada0: Serial Number VB4f372e52-e9580a74

Mar 26 04:38:06 deol kernel: ada0: 33.300MB/s transfers (UDMA2, PIO 65536bytes)

Mar 26 04:38:06 deol kernel: ada0: 36864MB (75497472 512 byte sectors)

Mar 26 04:38:06 deol kernel: Root mount waiting for: usbus1

Mar 26 04:38:06 deol syslogd: last message repeated 4 times

Mar 26 04:38:06 deol kernel: uhub0: 12 ports with 12 removable, self powered

Mar 26 04:38:06 deol kernel: intsmb0: <Intel PIIX4 SMBUS Interface> irq 23 at device 7.0 on pci0

Mar 26 04:38:06 deol kernel: intsmb0: intr IRQ 9 enabled revision 0

Mar 26 04:38:06 deol kernel: smbus0: <System Management Bus> on intsmb0

Mar 26 04:38:06 deol kernel: lo0: link state changed to UP

Mar 26 04:38:06 deol kernel: em0: link state changed to UP

Mar 26 04:38:14 deol login[824]: ROOT LOGIN (root) ON ttyv0

Mar 26 04:40:09 deol shutdown[873]: power-down by root: 

Mar 26 04:40:09 deol kernel: .

Mar 26 04:40:09 deol syslogd: exiting on signal 15

Mar 26 04:41:06 deol syslogd: kernel boot file is /boot/kernel/kernel

Mar 26 04:41:06 deol kernel: ---<<BOOT>>---

Mar 26 04:41:06 deol kernel: Copyright (c) 1992-2021 The FreeBSD Project.

Mar 26 04:41:06 deol kernel: Copyright (c) 1979, 1980, 1983, 1986, 1988, 1989, 1991, 1992, 1993, 1994

Mar 26 04:41:06 deol kernel: 	The Regents of the University of California. All rights reserved.

Mar 26 04:41:06 deol kernel: FreeBSD is a registered trademark of The FreeBSD Foundation.

Mar 26 04:41:06 deol kernel: FreeBSD 13.1-RELEASE releng/13.1-n250148-fc952ac2212 GENERIC amd64

Mar 26 04:41:06 deol kernel: FreeBSD clang version 13.0.0 (git@github.com:llvm/llvm-project.git llvmorg-13.0.0-0-gd7b669b3a303)

Mar 26 04:41:06 deol kernel: VT(vga): text 80x25

Mar 26 04:41:06 deol kernel: CPU: 11th Gen Intel(R) Core(TM) i7-11800H @ 2.30GHz (2305.47-MHz K8-class CPU)

Mar 26 04:41:06 deol kernel:   Origin="GenuineIntel"  Id=0x806d1  Family=0x6  Model=0x8d  Stepping=1

Mar 26 04:41:06 deol kernel:   Features=0x1783fbff<FPU,VME,DE,PSE,TSC,MSR,PAE,MCE,CX8,APIC,SEP,MTRR,PGE,MCA,CMOV,PAT,PSE36,MMX,FXSR,SSE,SSE2,HTT>

Mar 26 04:41:06 deol kernel:   Features2=0x42da2203<SSE3,PCLMULQDQ,SSSE3,CX16,PCID,SSE4.1,SSE4.2,MOVBE,POPCNT,AESNI,RDRAND>

Mar 26 04:41:06 deol kernel:   AMD Features=0x28100800<SYSCALL,NX,RDTSCP,LM>

Mar 26 04:41:06 deol kernel:   AMD Features2=0x121<LAHF,ABM,Prefetch>

Mar 26 04:41:06 deol kernel:   Structured Extended Features=0x842509<FSGSBASE,BMI1,BMI2,INVPCID,NFPUSG,RDSEED,CLFLUSHOPT>

Mar 26 04:41:06 deol kernel:   Structured Extended Features3=0x30000400<MD_CLEAR,L1DFL,ARCH_CAP>

Mar 26 04:41:06 deol kernel:   IA32_ARCH_CAPS=0x67<RDCL_NO,IBRS_ALL,RSBA,MDS_NO>

Mar 26 04:41:06 deol kernel:   TSC: P-state invariant

Mar 26 04:41:06 deol kernel: real memory  = 2281635840 (2175 MB)

Mar 26 04:41:06 deol kernel: avail memory = 2176806912 (2075 MB)

Mar 26 04:41:06 deol kernel: Event timer "LAPIC" quality 100

Mar 26 04:41:06 deol kernel: ACPI APIC Table: <VBOX   VBOXAPIC>

Mar 26 04:41:06 deol kernel: FreeBSD/SMP: Multiprocessor System Detected: 2 CPUs

Mar 26 04:41:06 deol kernel: FreeBSD/SMP: 1 package(s) x 2 cache groups x 1 core(s)

Mar 26 04:41:06 deol kernel: random: registering fast source Intel Secure Key RNG

Mar 26 04:41:06 deol kernel: random: fast provider: "Intel Secure Key RNG"

Mar 26 04:41:06 deol kernel: random: unblocking device.

Mar 26 04:41:06 deol kernel: ioapic0: MADT APIC ID 2 != hw id 0

Mar 26 04:41:06 deol kernel: ioapic0 <Version 2.0> irqs 0-23

Mar 26 04:41:06 deol kernel: Launching APs: 1

Mar 26 04:41:06 deol kernel: random: entropy device external interface

Mar 26 04:41:06 deol kernel: kbd1 at kbdmux0

Mar 26 04:41:06 deol kernel: vtvga0: <VT VGA driver>

Mar 26 04:41:06 deol kernel: smbios0: <System Management BIOS> at iomem 0xfff60-0xfff7e

Mar 26 04:41:06 deol kernel: smbios0: Version: 2.5, BCD Revision: 2.5

Mar 26 04:41:06 deol kernel: aesni0: <AES-CBC,AES-CCM,AES-GCM,AES-ICM,AES-XTS>

Mar 26 04:41:06 deol kernel: acpi0: <VBOX VBOXXSDT>

Mar 26 04:41:06 deol kernel: acpi0: Power Button (fixed)

Mar 26 04:41:06 deol kernel: acpi0: Sleep Button (fixed)

Mar 26 04:41:06 deol kernel: cpu0: <ACPI CPU> on acpi0

Mar 26 04:41:06 deol kernel: attimer0: <AT timer> port 0x40-0x43,0x50-0x53 on acpi0

Mar 26 04:41:06 deol kernel: Timecounter "i8254" frequency 1193182 Hz quality 0

Mar 26 04:41:06 deol kernel: Event timer "i8254" frequency 1193182 Hz quality 100

Mar 26 04:41:06 deol kernel: Timecounter "ACPI-fast" frequency 3579545 Hz quality 900

Mar 26 04:41:06 deol kernel: acpi_timer0: <32-bit timer at 3.579545MHz> port 0x4008-0x400b on acpi0

Mar 26 04:41:06 deol kernel: pcib0: <ACPI Host-PCI bridge> port 0xcf8-0xcff on acpi0

Mar 26 04:41:06 deol kernel: pci0: <ACPI PCI bus> on pcib0

Mar 26 04:41:06 deol kernel: isab0: <PCI-ISA bridge> at device 1.0 on pci0

Mar 26 04:41:06 deol kernel: isa0: <ISA bus> on isab0

Mar 26 04:41:06 deol kernel: atapci0: <Intel PIIX4 UDMA33 controller> port 0x1f0-0x1f7,0x3f6,0x170-0x177,0x376,0xd000-0xd00f at device 1.1 on pci0

Mar 26 04:41:06 deol kernel: ata0: <ATA channel> at channel 0 on atapci0

Mar 26 04:41:06 deol kernel: ata1: <ATA channel> at channel 1 on atapci0

Mar 26 04:41:06 deol kernel: vgapci0: <VGA-compatible display> port 0xd010-0xd01f mem 0xe0000000-0xe0ffffff,0xf0000000-0xf01fffff irq 18 at device 2.0 on pci0

Mar 26 04:41:06 deol kernel: vgapci0: Boot video device

Mar 26 04:41:06 deol kernel: em0: <Intel(R) Legacy PRO/1000 MT 82540EM> port 0xd020-0xd027 mem 0xf0200000-0xf021ffff irq 19 at device 3.0 on pci0

Mar 26 04:41:06 deol kernel: em0: Using 1024 TX descriptors and 1024 RX descriptors

Mar 26 04:41:06 deol kernel: em0: Ethernet address: 08:00:27:f3:52:27

Mar 26 04:41:06 deol kernel: em0: netmap queues/slots: TX 1/1024, RX 1/1024

Mar 26 04:41:06 deol kernel: pcm0: <Intel ICH (82801AA)> port 0xd100-0xd1ff,0xd200-0xd23f irq 21 at device 5.0 on pci0

Mar 26 04:41:06 deol kernel: pcm0: <SigmaTel STAC9700/83/84 AC97 Codec>

Mar 26 04:41:06 deol kernel: ohci0: <Apple KeyLargo/Intrepid USB controller> mem 0xf0804000-0xf0804fff irq 22 at device 6.0 on pci0

Mar 26 04:41:06 deol kernel: usbus0 on ohci0

Mar 26 04:41:06 deol kernel: usbus0: 12Mbps Full Speed USB v1.0

Mar 26 04:41:06 deol kernel: pci0: <bridge> at device 7.0 (no driver attached)

Mar 26 04:41:06 deol kernel: ehci0: <Intel 82801FB (ICH6) USB 2.0 controller> mem 0xf0805000-0xf0805fff irq 19 at device 11.0 on pci0

Mar 26 04:41:06 deol kernel: usbus1: EHCI version 1.0

Mar 26 04:41:06 deol kernel: usbus1 on ehci0

Mar 26 04:41:06 deol kernel: usbus1: 480Mbps High Speed USB v2.0

Mar 26 04:41:06 deol kernel: battery0: <ACPI Control Method Battery> on acpi0

Mar 26 04:41:06 deol kernel: acpi_acad0: <AC Adapter> on acpi0

Mar 26 04:41:06 deol kernel: atkbdc0: <Keyboard controller (i8042)> port 0x60,0x64 irq 1 on acpi0

Mar 26 04:41:06 deol kernel: atkbd0: <AT Keyboard> irq 1 on atkbdc0

Mar 26 04:41:06 deol kernel: kbd0 at atkbd0

Mar 26 04:41:06 deol kernel: atkbd0: [GIANT-LOCKED]

Mar 26 04:41:06 deol kernel: psm0: <PS/2 Mouse> irq 12 on atkbdc0

Mar 26 04:41:06 deol kernel: psm0: [GIANT-LOCKED]

Mar 26 04:41:06 deol kernel: WARNING: Device "psm" is Giant locked and may be deleted before FreeBSD 14.0.

Mar 26 04:41:06 deol kernel: psm0: model IntelliMouse Explorer, device ID 4

Mar 26 04:41:06 deol kernel: orm0: <ISA Option ROMs> at iomem 0xc0000-0xc7fff,0xe2000-0xe2fff pnpid ORM0000 on isa0

Mar 26 04:41:06 deol kernel: vga0: <Generic ISA VGA> at port 0x3c0-0x3df iomem 0xa0000-0xbffff pnpid PNP0900 on isa0

Mar 26 04:41:06 deol kernel: atrtc0: <AT realtime clock> at port 0x70 irq 8 on isa0

Mar 26 04:41:06 deol kernel: atrtc0: registered as a time-of-day clock, resolution 1.000000s

Mar 26 04:41:06 deol kernel: Event timer "RTC" frequency 32768 Hz quality 0

Mar 26 04:41:06 deol kernel: atrtc0: non-PNP ISA device will be removed from GENERIC in FreeBSD 14.

Mar 26 04:41:06 deol kernel: Statistical TSC calibration failed!  Clocks might be ticking at variable rates.

Mar 26 04:41:06 deol kernel: Falling back to slow TSC calibration.

Mar 26 04:41:06 deol kernel: Timecounter "TSC-low" frequency 1152304666 Hz quality 0

Mar 26 04:41:06 deol kernel: Timecounters tick every 10.000 msec

Mar 26 04:41:06 deol kernel: Trying to mount root from ufs:/dev/ada0s1a [rw]...

Mar 26 04:41:06 deol kernel: ugen0.1: <Apple OHCI root HUB> at usbus0

Mar 26 04:41:06 deol kernel: uhub0 on usbus0

Mar 26 04:41:06 deol kernel: uhub0: <Apple OHCI root HUB, class 9/0, rev 1.00/1.00, addr 1> on usbus0

Mar 26 04:41:06 deol kernel: ugen1.1: <Intel EHCI root HUB> at usbus1

Mar 26 04:41:06 deol kernel: uhub1 on usbus1

Mar 26 04:41:06 deol kernel: uhub1: <Intel EHCI root HUB, class 9/0, rev 2.00/1.00, addr 1> on usbus1

Mar 26 04:41:06 deol kernel: uhub0: 12 ports with 12 removable, self powered

Mar 26 04:41:06 deol kernel: ada0 at ata0 bus 0 scbus0 target 0 lun 0

Mar 26 04:41:06 deol kernel: ada0: <VBOX HARDDISK 1.0> ATA-6 device

Mar 26 04:41:06 deol kernel: ada0: Serial Number VB4f372e52-e9580a74

Mar 26 04:41:06 deol kernel: ada0: 33.300MB/s transfers (UDMA2, PIO 65536bytes)

Mar 26 04:41:06 deol kernel: ada0: 36864MB (75497472 512 byte sectors)

Mar 26 04:41:06 deol kernel: Root mount waiting for: usbus1

Mar 26 04:41:06 deol syslogd: last message repeated 4 times

Mar 26 04:41:06 deol kernel: uhub1: 12 ports with 12 removable, self powered

Mar 26 04:41:06 deol kernel: intsmb0: <Intel PIIX4 SMBUS Interface> irq 23 at device 7.0 on pci0

Mar 26 04:41:06 deol kernel: intsmb0: intr IRQ 9 enabled revision 0

Mar 26 04:41:06 deol kernel: smbus0: <System Management Bus> on intsmb0

Mar 26 04:41:06 deol kernel: lo0: link state changed to UP

Mar 26 04:41:06 deol kernel: em0: link state changed to UP

Mar 26 04:41:12 deol login[770]: ROOT LOGIN (root) ON ttyv0

Mar 26 04:43:25 deol pkg-static[795]: pkg-1.19.0 installed

Mar 26 04:44:45 deol pkg[824]: perl5-5.32.1_3 installed

Mar 26 04:44:45 deol pkg[824]: indexinfo-0.3.1 installed

Mar 26 04:44:45 deol pkg[824]: p5-TimeDate-2.33,1 installed

Mar 26 04:44:45 deol pkg[824]: p5-HTTP-Date-6.05 installed

Mar 26 04:44:45 deol pkg[824]: p5-URI-5.17 installed

Mar 26 04:44:45 deol pkg[824]: p5-Encode-Locale-1.05 installed

Mar 26 04:44:45 deol pkg[824]: libunistring-1.1 installed

Mar 26 04:44:46 deol pkg[824]: p5-LWP-MediaTypes-6.04 installed

Mar 26 04:44:46 deol pkg[824]: p5-IO-HTML-1.004 installed

Mar 26 04:44:46 deol pkg[824]: p5-Clone-0.46 installed

Mar 26 04:44:46 deol pkg[824]: p5-Socket6-0.29 installed

Mar 26 04:44:46 deol pkg[824]: libidn2-2.3.4 installed

Mar 26 04:44:46 deol pkg[824]: p5-HTML-Tagset-3.20_1 installed

Mar 26 04:44:47 deol pkg[824]: gettext-runtime-0.21.1 installed

Mar 26 04:44:47 deol pkg[824]: p5-HTTP-Message-6.44 installed

Mar 26 04:44:47 deol pkg[824]: p5-Net-SSLeay-1.92 installed

Mar 26 04:44:47 deol pkg[824]: libnghttp2-1.48.0 installed

Mar 26 04:44:48 deol pkg[824]: mpdecimal-2.5.1 installed

Mar 26 04:44:48 deol pkg[824]: p5-GSSAPI-0.28_2 installed

Mar 26 04:44:48 deol pkg[824]: p5-IO-Socket-INET6-2.72_1 installed

Mar 26 04:44:48 deol pkg[824]: p5-HTML-Parser-3.80 installed

Mar 26 04:44:48 deol pkg[824]: p5-Mozilla-CA-20221114 installed

Mar 26 04:44:48 deol pkg[824]: libffi-3.4.4 installed

Mar 26 04:44:49 deol pkg[824]: readline-8.2.0 installed

Mar 26 04:44:49 deol pkg[824]: p5-Digest-HMAC-1.04 installed

Mar 26 04:44:49 deol pkg[824]: libssh2-1.10.0_1,3 installed

Mar 26 04:44:50 deol pkg[824]: libpsl-0.21.1_6 installed

Mar 26 04:44:50 deol pkg[824]: ca_root_nss-3.86 installed

Mar 26 04:44:50 deol pkg[824]: p5-IO-Socket-SSL-2.078 installed

Mar 26 04:45:23 deol pkg[824]: python39-3.9.16 installed

Mar 26 04:45:23 deol pkg[824]: p5-CGI-4.54 installed

Mar 26 04:45:24 deol pkg[824]: pcre2-10.40 installed

Mar 26 04:45:27 deol pkg[824]: curl-7.88.1 installed

Mar 26 04:45:27 deol pkg[824]: p5-Error-0.17029 installed

Mar 26 04:45:28 deol pkg[824]: expat-2.5.0 installed

Mar 26 04:45:28 deol pkg[824]: p5-Authen-SASL-2.16_1 installed

Mar 26 04:45:30 deol pkg[824]: git-2.39.2 installed

Mar 26 04:45:40 deol pkg[1024]: liblz4-1.9.4,1 installed

Mar 26 04:45:41 deol pkg[1024]: zstd-1.5.2_1 installed

Mar 26 04:45:41 deol pkg[1024]: xxhash-0.8.1_2 installed

Mar 26 04:45:41 deol pkg[1024]: libiconv-1.17 installed

Mar 26 04:45:41 deol pkg[1024]: rsync-3.2.7 installed

Mar 26 04:46:01 deol pkg[1079]: python3-3_3 installed

Mar 26 10:49:22 deol shutdown[23173]: power-down by root: 

Mar 26 10:49:23 deol kernel: .

Mar 26 10:49:23 deol syslogd: exiting on signal 15

Mar 26 11:54:01 deol syslogd: kernel boot file is /boot/kernel/kernel

Mar 26 11:54:01 deol kernel: ---<<BOOT>>---

Mar 26 11:54:01 deol kernel: Copyright (c) 1992-2021 The FreeBSD Project.

Mar 26 11:54:01 deol kernel: Copyright (c) 1979, 1980, 1983, 1986, 1988, 1989, 1991, 1992, 1993, 1994

Mar 26 11:54:01 deol kernel: 	The Regents of the University of California. All rights reserved.

Mar 26 11:54:01 deol kernel: FreeBSD is a registered trademark of The FreeBSD Foundation.

Mar 26 11:54:01 deol kernel: FreeBSD 13.1-RELEASE releng/13.1-n250148-fc952ac2212 GENERIC amd64

Mar 26 11:54:01 deol kernel: FreeBSD clang version 13.0.0 (git@github.com:llvm/llvm-project.git llvmorg-13.0.0-0-gd7b669b3a303)

Mar 26 11:54:01 deol kernel: VT(vga): text 80x25

Mar 26 11:54:01 deol kernel: CPU: 11th Gen Intel(R) Core(TM) i7-11800H @ 2.30GHz (2304.93-MHz K8-class CPU)

Mar 26 11:54:01 deol kernel:   Origin="GenuineIntel"  Id=0x806d1  Family=0x6  Model=0x8d  Stepping=1

Mar 26 11:54:01 deol kernel:   Features=0x1783fbff<FPU,VME,DE,PSE,TSC,MSR,PAE,MCE,CX8,APIC,SEP,MTRR,PGE,MCA,CMOV,PAT,PSE36,MMX,FXSR,SSE,SSE2,HTT>

Mar 26 11:54:01 deol kernel:   Features2=0x42da2203<SSE3,PCLMULQDQ,SSSE3,CX16,PCID,SSE4.1,SSE4.2,MOVBE,POPCNT,AESNI,RDRAND>

Mar 26 11:54:01 deol kernel:   AMD Features=0x28100800<SYSCALL,NX,RDTSCP,LM>

Mar 26 11:54:01 deol kernel:   AMD Features2=0x121<LAHF,ABM,Prefetch>

Mar 26 11:54:01 deol kernel:   Structured Extended Features=0x842509<FSGSBASE,BMI1,BMI2,INVPCID,NFPUSG,RDSEED,CLFLUSHOPT>

Mar 26 11:54:01 deol kernel:   Structured Extended Features3=0x30000400<MD_CLEAR,L1DFL,ARCH_CAP>

Mar 26 11:54:01 deol kernel:   IA32_ARCH_CAPS=0x67<RDCL_NO,IBRS_ALL,RSBA,MDS_NO>

Mar 26 11:54:01 deol kernel:   TSC: P-state invariant

Mar 26 11:54:01 deol kernel: real memory  = 2281635840 (2175 MB)

Mar 26 11:54:01 deol kernel: avail memory = 2176806912 (2075 MB)

Mar 26 11:54:01 deol kernel: Event timer "LAPIC" quality 100

Mar 26 11:54:01 deol kernel: ACPI APIC Table: <VBOX   VBOXAPIC>

Mar 26 11:54:01 deol kernel: FreeBSD/SMP: Multiprocessor System Detected: 2 CPUs

Mar 26 11:54:01 deol kernel: FreeBSD/SMP: 1 package(s) x 2 cache groups x 1 core(s)

Mar 26 11:54:01 deol kernel: random: registering fast source Intel Secure Key RNG

Mar 26 11:54:01 deol kernel: random: fast provider: "Intel Secure Key RNG"

Mar 26 11:54:01 deol kernel: random: unblocking device.

Mar 26 11:54:01 deol kernel: ioapic0: MADT APIC ID 2 != hw id 0

Mar 26 11:54:01 deol kernel: ioapic0 <Version 2.0> irqs 0-23

Mar 26 11:54:01 deol kernel: Launching APs: 1

Mar 26 11:54:01 deol kernel: random: entropy device external interface

Mar 26 11:54:01 deol kernel: kbd1 at kbdmux0

Mar 26 11:54:01 deol kernel: vtvga0: <VT VGA driver>

Mar 26 11:54:01 deol kernel: smbios0: <System Management BIOS> at iomem 0xfff60-0xfff7e

Mar 26 11:54:01 deol kernel: smbios0: Version: 2.5, BCD Revision: 2.5

Mar 26 11:54:01 deol kernel: aesni0: <AES-CBC,AES-CCM,AES-GCM,AES-ICM,AES-XTS>

Mar 26 11:54:01 deol kernel: acpi0: <VBOX VBOXXSDT>

Mar 26 11:54:01 deol kernel: acpi0: Power Button (fixed)

Mar 26 11:54:01 deol kernel: acpi0: Sleep Button (fixed)

Mar 26 11:54:01 deol kernel: cpu0: <ACPI CPU> on acpi0

Mar 26 11:54:01 deol kernel: attimer0: <AT timer> port 0x40-0x43,0x50-0x53 on acpi0

Mar 26 11:54:01 deol kernel: Timecounter "i8254" frequency 1193182 Hz quality 0

Mar 26 11:54:01 deol kernel: Event timer "i8254" frequency 1193182 Hz quality 100

Mar 26 11:54:01 deol kernel: Timecounter "ACPI-fast" frequency 3579545 Hz quality 900

Mar 26 11:54:01 deol kernel: acpi_timer0: <32-bit timer at 3.579545MHz> port 0x4008-0x400b on acpi0

Mar 26 11:54:01 deol kernel: pcib0: <ACPI Host-PCI bridge> port 0xcf8-0xcff on acpi0

Mar 26 11:54:01 deol kernel: pci0: <ACPI PCI bus> on pcib0

Mar 26 11:54:01 deol kernel: isab0: <PCI-ISA bridge> at device 1.0 on pci0

Mar 26 11:54:01 deol kernel: isa0: <ISA bus> on isab0

Mar 26 11:54:01 deol kernel: atapci0: <Intel PIIX4 UDMA33 controller> port 0x1f0-0x1f7,0x3f6,0x170-0x177,0x376,0xd000-0xd00f at device 1.1 on pci0

Mar 26 11:54:01 deol kernel: ata0: <ATA channel> at channel 0 on atapci0

Mar 26 11:54:01 deol kernel: ata1: <ATA channel> at channel 1 on atapci0

Mar 26 11:54:01 deol kernel: vgapci0: <VGA-compatible display> port 0xd010-0xd01f mem 0xe0000000-0xe0ffffff,0xf0000000-0xf01fffff irq 18 at device 2.0 on pci0

Mar 26 11:54:01 deol kernel: vgapci0: Boot video device

Mar 26 11:54:01 deol kernel: em0: <Intel(R) Legacy PRO/1000 MT 82540EM> port 0xd020-0xd027 mem 0xf0200000-0xf021ffff irq 19 at device 3.0 on pci0

Mar 26 11:54:01 deol kernel: em0: Using 1024 TX descriptors and 1024 RX descriptors

Mar 26 11:54:01 deol kernel: em0: Ethernet address: 08:00:27:f3:52:27

Mar 26 11:54:01 deol kernel: em0: netmap queues/slots: TX 1/1024, RX 1/1024

Mar 26 11:54:01 deol kernel: pcm0: <Intel ICH (82801AA)> port 0xd100-0xd1ff,0xd200-0xd23f irq 21 at device 5.0 on pci0

Mar 26 11:54:01 deol kernel: pcm0: <SigmaTel STAC9700/83/84 AC97 Codec>

Mar 26 11:54:01 deol kernel: ohci0: <Apple KeyLargo/Intrepid USB controller> mem 0xf0804000-0xf0804fff irq 22 at device 6.0 on pci0

Mar 26 11:54:01 deol kernel: usbus0 on ohci0

Mar 26 11:54:01 deol kernel: usbus0: 12Mbps Full Speed USB v1.0

Mar 26 11:54:01 deol kernel: pci0: <bridge> at device 7.0 (no driver attached)

Mar 26 11:54:01 deol kernel: ehci0: <Intel 82801FB (ICH6) USB 2.0 controller> mem 0xf0805000-0xf0805fff irq 19 at device 11.0 on pci0

Mar 26 11:54:01 deol kernel: usbus1: EHCI version 1.0

Mar 26 11:54:01 deol kernel: usbus1 on ehci0

Mar 26 11:54:01 deol kernel: usbus1: 480Mbps High Speed USB v2.0

Mar 26 11:54:01 deol kernel: battery0: <ACPI Control Method Battery> on acpi0

Mar 26 11:54:01 deol kernel: acpi_acad0: <AC Adapter> on acpi0

Mar 26 11:54:01 deol kernel: atkbdc0: <Keyboard controller (i8042)> port 0x60,0x64 irq 1 on acpi0

Mar 26 11:54:01 deol kernel: atkbd0: <AT Keyboard> irq 1 on atkbdc0

Mar 26 11:54:01 deol kernel: kbd0 at atkbd0

Mar 26 11:54:01 deol kernel: atkbd0: [GIANT-LOCKED]

Mar 26 11:54:01 deol kernel: psm0: <PS/2 Mouse> irq 12 on atkbdc0

Mar 26 11:54:01 deol kernel: psm0: [GIANT-LOCKED]

Mar 26 11:54:01 deol kernel: WARNING: Device "psm" is Giant locked and may be deleted before FreeBSD 14.0.

Mar 26 11:54:01 deol kernel: psm0: model IntelliMouse Explorer, device ID 4

Mar 26 11:54:01 deol kernel: orm0: <ISA Option ROMs> at iomem 0xc0000-0xc7fff,0xe2000-0xe2fff pnpid ORM0000 on isa0

Mar 26 11:54:01 deol kernel: vga0: <Generic ISA VGA> at port 0x3c0-0x3df iomem 0xa0000-0xbffff pnpid PNP0900 on isa0

Mar 26 11:54:01 deol kernel: atrtc0: <AT realtime clock> at port 0x70 irq 8 on isa0

Mar 26 11:54:01 deol kernel: atrtc0: registered as a time-of-day clock, resolution 1.000000s

Mar 26 11:54:01 deol kernel: Event timer "RTC" frequency 32768 Hz quality 0

Mar 26 11:54:01 deol kernel: atrtc0: non-PNP ISA device will be removed from GENERIC in FreeBSD 14.

Mar 26 11:54:01 deol kernel: Statistical TSC calibration failed!  Clocks might be ticking at variable rates.

Mar 26 11:54:01 deol kernel: Falling back to slow TSC calibration.

Mar 26 11:54:01 deol kernel: Timecounter "TSC-low" frequency 1151389215 Hz quality 0

Mar 26 11:54:01 deol kernel: Statistical lapic calibration failed!  Clocks might be ticking at variable rates.

Mar 26 11:54:01 deol kernel: Falling back to slow lapic calibration.

Mar 26 11:54:01 deol kernel: Timecounters tick every 10.000 msec

Mar 26 11:54:01 deol kernel: ugen1.1: <Intel EHCI root HUB> at usbus1

Mar 26 11:54:01 deol kernel: uhub0 on usbus1

Mar 26 11:54:01 deol kernel: uhub0: <Intel EHCI root HUB, class 9/0, rev 2.00/1.00, addr 1> on usbus1

Mar 26 11:54:01 deol kernel: ugen0.1: <Apple OHCI root HUB> at usbus0

Mar 26 11:54:01 deol kernel: uhub1 on usbus0

Mar 26 11:54:01 deol kernel: uhub1: <Apple OHCI root HUB, class 9/0, rev 1.00/1.00, addr 1> on usbus0

Mar 26 11:54:01 deol kernel: Trying to mount root from ufs:/dev/ada0s1a [rw]...

Mar 26 11:54:01 deol kernel: uhub1: 12 ports with 12 removable, self powered

Mar 26 11:54:01 deol kernel: ada0 at ata0 bus 0 scbus0 target 0 lun 0

Mar 26 11:54:01 deol kernel: ada0: <VBOX HARDDISK 1.0> ATA-6 device

Mar 26 11:54:01 deol kernel: ada0: Serial Number VB4f372e52-e9580a74

Mar 26 11:54:01 deol kernel: ada0: 33.300MB/s transfers (UDMA2, PIO 65536bytes)

Mar 26 11:54:01 deol kernel: ada0: 36864MB (75497472 512 byte sectors)

Mar 26 11:54:01 deol kernel: Root mount waiting for: usbus1

Mar 26 11:54:01 deol syslogd: last message repeated 4 times

Mar 26 11:54:01 deol kernel: uhub0: 12 ports with 12 removable, self powered

Mar 26 11:54:01 deol kernel: intsmb0: <Intel PIIX4 SMBUS Interface> irq 23 at device 7.0 on pci0

Mar 26 11:54:01 deol kernel: intsmb0: intr IRQ 9 enabled revision 0

Mar 26 11:54:01 deol kernel: smbus0: <System Management Bus> on intsmb0

Mar 26 11:54:01 deol kernel: lo0: link state changed to UP

Mar 26 11:54:01 deol kernel: em0: link state changed to UP

Mar 26 11:54:08 deol login[797]: ROOT LOGIN (root) ON ttyv0

Mar 26 12:53:01 deol shutdown[59709]: power-down by root: 

Mar 26 12:53:01 deol kernel: .

Mar 26 12:53:02 deol syslogd: exiting on signal 15

Mar 27 00:34:09 deol syslogd: kernel boot file is /boot/kernel/kernel

Mar 27 00:34:09 deol kernel: ---<<BOOT>>---

Mar 27 00:34:09 deol kernel: Copyright (c) 1992-2023 The FreeBSD Project.

Mar 27 00:34:09 deol kernel: Copyright (c) 1979, 1980, 1983, 1986, 1988, 1989, 1991, 1992, 1993, 1994

Mar 27 00:34:09 deol kernel: 	The Regents of the University of California. All rights reserved.

Mar 27 00:34:09 deol kernel: FreeBSD is a registered trademark of The FreeBSD Foundation.

Mar 27 00:34:09 deol kernel: FreeBSD 14.0-CURRENT #0 main-n261759-9b20ab1e1ef7: Sun Mar 26 12:02:39 AEDT 2023

Mar 27 00:34:09 deol kernel:     root@deol.freebsd.com:/usr/obj/root/FB13.1-AQM-SRC/amd64.amd64/sys/MYKERNEL amd64

Mar 27 00:34:09 deol kernel: FreeBSD clang version 15.0.7 (https://github.com/llvm/llvm-project.git llvmorg-15.0.7-0-g8dfdcc7b7bf6)

Mar 27 00:34:09 deol kernel: WARNING: WITNESS option enabled, expect reduced performance.

Mar 27 00:34:09 deol kernel: VT(vga): text 80x25

Mar 27 00:34:09 deol kernel: CPU: 11th Gen Intel(R) Core(TM) i7-11800H @ 2.30GHz (2303.70-MHz K8-class CPU)

Mar 27 00:34:09 deol kernel:   Origin="GenuineIntel"  Id=0x806d1  Family=0x6  Model=0x8d  Stepping=1

Mar 27 00:34:09 deol kernel:   Features=0x1783fbff<FPU,VME,DE,PSE,TSC,MSR,PAE,MCE,CX8,APIC,SEP,MTRR,PGE,MCA,CMOV,PAT,PSE36,MMX,FXSR,SSE,SSE2,HTT>

Mar 27 00:34:09 deol kernel:   Features2=0x42da2203<SSE3,PCLMULQDQ,SSSE3,CX16,PCID,SSE4.1,SSE4.2,MOVBE,POPCNT,AESNI,RDRAND>

Mar 27 00:34:09 deol kernel:   AMD Features=0x28100800<SYSCALL,NX,RDTSCP,LM>

Mar 27 00:34:09 deol kernel:   AMD Features2=0x121<LAHF,ABM,Prefetch>

Mar 27 00:34:09 deol kernel:   Structured Extended Features=0x842509<FSGSBASE,BMI1,BMI2,INVPCID,NFPUSG,RDSEED,CLFLUSHOPT>

Mar 27 00:34:09 deol kernel:   Structured Extended Features3=0x30000400<MD_CLEAR,L1DFL,ARCH_CAP>

Mar 27 00:34:09 deol kernel:   IA32_ARCH_CAPS=0x67<RDCL_NO,IBRS_ALL,RSBA,MDS_NO>

Mar 27 00:34:09 deol kernel:   TSC: P-state invariant

Mar 27 00:34:09 deol kernel: real memory  = 2281635840 (2175 MB)

Mar 27 00:34:09 deol kernel: avail memory = 2164088832 (2063 MB)

Mar 27 00:34:09 deol kernel: Event timer "LAPIC" quality 100

Mar 27 00:34:09 deol kernel: ACPI APIC Table: <VBOX   VBOXAPIC>

Mar 27 00:34:09 deol kernel: FreeBSD/SMP: Multiprocessor System Detected: 2 CPUs

Mar 27 00:34:09 deol kernel: FreeBSD/SMP: 1 package(s) x 2 cache groups x 1 core(s)

Mar 27 00:34:09 deol kernel: random: registering fast source Intel Secure Key RNG

Mar 27 00:34:09 deol kernel: random: fast provider: "Intel Secure Key RNG"

Mar 27 00:34:09 deol kernel: random: unblocking device.

Mar 27 00:34:09 deol kernel: ioapic0: MADT APIC ID 2 != hw id 0

Mar 27 00:34:09 deol kernel: ioapic0 <Version 2.0> irqs 0-23

Mar 27 00:34:09 deol kernel: Launching APs: 1

Mar 27 00:34:09 deol kernel: random: entropy device external interface

Mar 27 00:34:09 deol kernel: kbd1 at kbdmux0

Mar 27 00:34:09 deol kernel: vtvga0: <VT VGA driver>

Mar 27 00:34:09 deol kernel: smbios0: <System Management BIOS> at iomem 0xfff60-0xfff7e

Mar 27 00:34:09 deol kernel: smbios0: Version: 2.5, BCD Revision: 2.5

Mar 27 00:34:09 deol kernel: aesni0: <AES-CBC,AES-CCM,AES-GCM,AES-ICM,AES-XTS>

Mar 27 00:34:09 deol kernel: acpi0: <VBOX VBOXXSDT>

Mar 27 00:34:09 deol kernel: acpi0: Power Button (fixed)

Mar 27 00:34:09 deol kernel: acpi0: Sleep Button (fixed)

Mar 27 00:34:09 deol kernel: cpu0: <ACPI CPU> on acpi0

Mar 27 00:34:09 deol kernel: attimer0: <AT timer> port 0x40-0x43,0x50-0x53 on acpi0

Mar 27 00:34:09 deol kernel: Timecounter "i8254" frequency 1193182 Hz quality 0

Mar 27 00:34:09 deol kernel: Event timer "i8254" frequency 1193182 Hz quality 100

Mar 27 00:34:09 deol kernel: atrtc1: <AT realtime clock> on acpi0

Mar 27 00:34:09 deol kernel: atrtc1: registered as a time-of-day clock, resolution 1.000000s

Mar 27 00:34:09 deol kernel: Event timer "RTC" frequency 32768 Hz quality 0

Mar 27 00:34:09 deol kernel: Timecounter "ACPI-fast" frequency 3579545 Hz quality 900

Mar 27 00:34:09 deol kernel: acpi_timer0: <32-bit timer at 3.579545MHz> port 0x4008-0x400b on acpi0

Mar 27 00:34:09 deol kernel: pcib0: <ACPI Host-PCI bridge> port 0xcf8-0xcff on acpi0

Mar 27 00:34:09 deol kernel: pci0: <ACPI PCI bus> on pcib0

Mar 27 00:34:09 deol kernel: isab0: <PCI-ISA bridge> at device 1.0 on pci0

Mar 27 00:34:09 deol kernel: isa0: <ISA bus> on isab0

Mar 27 00:34:09 deol kernel: atapci0: <Intel PIIX4 UDMA33 controller> port 0x1f0-0x1f7,0x3f6,0x170-0x177,0x376,0xd000-0xd00f at device 1.1 on pci0

Mar 27 00:34:09 deol kernel: ata0: <ATA channel> at channel 0 on atapci0

Mar 27 00:34:09 deol kernel: ata1: <ATA channel> at channel 1 on atapci0

Mar 27 00:34:09 deol kernel: vgapci0: <VGA-compatible display> port 0xd010-0xd01f mem 0xe0000000-0xe0ffffff,0xf0000000-0xf01fffff irq 18 at device 2.0 on pci0

Mar 27 00:34:09 deol kernel: vgapci0: Boot video device

Mar 27 00:34:09 deol kernel: em0: <Intel(R) Legacy PRO/1000 MT 82540EM> port 0xd020-0xd027 mem 0xf0200000-0xf021ffff irq 19 at device 3.0 on pci0

Mar 27 00:34:09 deol kernel: em0: Using 1024 TX descriptors and 1024 RX descriptors

Mar 27 00:34:09 deol kernel: em0: Ethernet address: 08:00:27:f3:52:27

Mar 27 00:34:09 deol kernel: em0: netmap queues/slots: TX 1/1024, RX 1/1024

Mar 27 00:34:09 deol kernel: pcm0: <Intel ICH (82801AA)> port 0xd100-0xd1ff,0xd200-0xd23f irq 21 at device 5.0 on pci0

Mar 27 00:34:09 deol kernel: pcm0: <SigmaTel STAC9700/83/84 AC97 Codec>

Mar 27 00:34:09 deol kernel: ohci0: <Apple KeyLargo/Intrepid USB controller> mem 0xf0804000-0xf0804fff irq 22 at device 6.0 on pci0

Mar 27 00:34:09 deol kernel: usbus0 on ohci0

Mar 27 00:34:09 deol kernel: usbus0: 12Mbps Full Speed USB v1.0

Mar 27 00:34:09 deol kernel: pci0: <bridge> at device 7.0 (no driver attached)

Mar 27 00:34:09 deol kernel: ehci0: <Intel 82801FB (ICH6) USB 2.0 controller> mem 0xf0805000-0xf0805fff irq 19 at device 11.0 on pci0

Mar 27 00:34:09 deol kernel: usbus1: EHCI version 1.0

Mar 27 00:34:09 deol kernel: usbus1 on ehci0

Mar 27 00:34:09 deol kernel: usbus1: 480Mbps High Speed USB v2.0

Mar 27 00:34:09 deol kernel: battery0: <ACPI Control Method Battery> on acpi0

Mar 27 00:34:09 deol kernel: acpi_acad0: <AC Adapter> on acpi0

Mar 27 00:34:09 deol kernel: atkbdc0: <Keyboard controller (i8042)> port 0x60,0x64 irq 1 on acpi0

Mar 27 00:34:09 deol kernel: atkbd0: <AT Keyboard> irq 1 on atkbdc0

Mar 27 00:34:09 deol kernel: kbd0 at atkbd0

Mar 27 00:34:09 deol kernel: atkbd0: [GIANT-LOCKED]

Mar 27 00:34:09 deol kernel: psm0: <PS/2 Mouse> irq 12 on atkbdc0

Mar 27 00:34:09 deol kernel: psm0: [GIANT-LOCKED]

Mar 27 00:34:09 deol kernel: WARNING: Device "psm" is Giant locked and may be deleted before FreeBSD 14.0.

Mar 27 00:34:09 deol kernel: psm0: model IntelliMouse Explorer, device ID 4

Mar 27 00:34:09 deol kernel: orm0: <ISA Option ROMs> at iomem 0xc0000-0xc7fff,0xe2000-0xe2fff pnpid ORM0000 on isa0

Mar 27 00:34:09 deol kernel: vga0: <Generic ISA VGA> at port 0x3c0-0x3df iomem 0xa0000-0xbffff pnpid PNP0900 on isa0

Mar 27 00:34:09 deol kernel: atrtc0: <AT realtime clock> at port 0x70 irq 8 on isa0

Mar 27 00:34:09 deol kernel: atrtc0: Warning: Couldn't map I/O.

Mar 27 00:34:09 deol kernel: atrtc0: registered as a time-of-day clock, resolution 1.000000s

Mar 27 00:34:09 deol kernel: atrtc0: Can't map interrupt.

Mar 27 00:34:09 deol kernel: atrtc0: non-PNP ISA device will be removed from GENERIC in FreeBSD 14.

Mar 27 00:34:09 deol kernel: Statistical TSC calibration failed!  Clocks might be ticking at variable rates.

Mar 27 00:34:09 deol kernel: Falling back to slow TSC calibration.

Mar 27 00:34:09 deol kernel: Timecounter "TSC-low" frequency 1152434446 Hz quality 0

Mar 27 00:34:09 deol kernel: Statistical lapic calibration failed!  Clocks might be ticking at variable rates.

Mar 27 00:34:09 deol kernel: Falling back to slow lapic calibration.

Mar 27 00:34:09 deol kernel: Timecounters tick every 10.000 msec

Mar 27 00:34:09 deol kernel: ipfw2 initialized, divert loadable, nat loadable, default to accept, logging disabled

Mar 27 00:34:09 deol kernel: WARNING: WITNESS option enabled, expect reduced performance.

Mar 27 00:34:09 deol kernel: ugen0.1: <Apple OHCI root HUB> at usbus0

Mar 27 00:34:09 deol kernel: ugen1.1: <Intel EHCI root HUB> at usbus1

Mar 27 00:34:09 deol kernel: uhub0 on usbus0

Mar 27 00:34:09 deol kernel: uhub0: <Apple OHCI root HUB, class 9/0, rev 1.00/1.00, addr 1> on usbus0

Mar 27 00:34:09 deol kernel: uhub1 on usbus1

Mar 27 00:34:09 deol kernel: uhub1: <Intel EHCI root HUB, class 9/0, rev 2.00/1.00, addr 1> on usbus1

Mar 27 00:34:09 deol kernel: Trying to mount root from ufs:/dev/ada0s1a [rw]...

Mar 27 00:34:09 deol kernel: uhub0: 12 ports with 12 removable, self powered

Mar 27 00:34:09 deol kernel: ada0 at ata0 bus 0 scbus0 target 0 lun 0

Mar 27 00:34:09 deol kernel: ada0: <VBOX HARDDISK 1.0> ATA-6 device

Mar 27 00:34:09 deol kernel: ada0: Serial Number VB4f372e52-e9580a74

Mar 27 00:34:09 deol kernel: ada0: 33.300MB/s transfers (UDMA2, PIO 65536bytes)

Mar 27 00:34:09 deol kernel: ada0: 36864MB (75497472 512 byte sectors)

Mar 27 00:34:09 deol kernel: Root mount waiting for: usbus1 ada

Mar 27 00:34:09 deol kernel: Root mount waiting for: usbus1

Mar 27 00:34:09 deol syslogd: last message repeated 3 times

Mar 27 00:34:09 deol kernel: uhub1: 12 ports with 12 removable, self powered

Mar 27 00:34:09 deol kernel: intsmb0: <Intel PIIX4 SMBUS Interface> irq 23 at device 7.0 on pci0

Mar 27 00:34:09 deol kernel: intsmb0: intr IRQ 9 enabled revision 0

Mar 27 00:34:09 deol kernel: smbus0: <System Management Bus> on intsmb0

Mar 27 00:34:09 deol kernel: lo0: link state changed to UP

Mar 27 00:34:09 deol kernel: em0: link state changed to UP

Mar 27 00:35:10 deol sshd[777]: error: PAM: Authentication error for root from 10.0.2.2

Mar 27 00:35:12 deol syslogd: last message repeated 1 times

Mar 27 00:36:12 deol shutdown[791]: power-down by root: 

Mar 27 00:36:13 deol kernel: .

Mar 27 00:36:13 deol syslogd: exiting on signal 15

Mar 27 08:11:00 deol syslogd: kernel boot file is /boot/kernel/kernel

Mar 27 08:11:00 deol kernel: ---<<BOOT>>---

Mar 27 08:11:00 deol kernel: Copyright (c) 1992-2023 The FreeBSD Project.

Mar 27 08:11:00 deol kernel: Copyright (c) 1979, 1980, 1983, 1986, 1988, 1989, 1991, 1992, 1993, 1994

Mar 27 08:11:00 deol kernel: 	The Regents of the University of California. All rights reserved.

Mar 27 08:11:00 deol kernel: FreeBSD is a registered trademark of The FreeBSD Foundation.

Mar 27 08:11:00 deol kernel: FreeBSD 14.0-CURRENT #0 main-n261759-9b20ab1e1ef7: Sun Mar 26 12:02:39 AEDT 2023

Mar 27 08:11:00 deol kernel:     root@deol.freebsd.com:/usr/obj/root/FB13.1-AQM-SRC/amd64.amd64/sys/MYKERNEL amd64

Mar 27 08:11:00 deol kernel: FreeBSD clang version 15.0.7 (https://github.com/llvm/llvm-project.git llvmorg-15.0.7-0-g8dfdcc7b7bf6)

Mar 27 08:11:00 deol kernel: WARNING: WITNESS option enabled, expect reduced performance.

Mar 27 08:11:00 deol kernel: VT(vga): text 80x25

Mar 27 08:11:00 deol kernel: CPU: 11th Gen Intel(R) Core(TM) i7-11800H @ 2.30GHz (2299.85-MHz K8-class CPU)

Mar 27 08:11:00 deol kernel:   Origin="GenuineIntel"  Id=0x806d1  Family=0x6  Model=0x8d  Stepping=1

Mar 27 08:11:00 deol kernel:   Features=0x1783fbff<FPU,VME,DE,PSE,TSC,MSR,PAE,MCE,CX8,APIC,SEP,MTRR,PGE,MCA,CMOV,PAT,PSE36,MMX,FXSR,SSE,SSE2,HTT>

Mar 27 08:11:00 deol kernel:   Features2=0x42da2203<SSE3,PCLMULQDQ,SSSE3,CX16,PCID,SSE4.1,SSE4.2,MOVBE,POPCNT,AESNI,RDRAND>

Mar 27 08:11:00 deol kernel:   AMD Features=0x28100800<SYSCALL,NX,RDTSCP,LM>

Mar 27 08:11:00 deol kernel:   AMD Features2=0x121<LAHF,ABM,Prefetch>

Mar 27 08:11:00 deol kernel:   Structured Extended Features=0x842509<FSGSBASE,BMI1,BMI2,INVPCID,NFPUSG,RDSEED,CLFLUSHOPT>

Mar 27 08:11:00 deol kernel:   Structured Extended Features3=0x30000400<MD_CLEAR,L1DFL,ARCH_CAP>

Mar 27 08:11:00 deol kernel:   IA32_ARCH_CAPS=0x67<RDCL_NO,IBRS_ALL,RSBA,MDS_NO>

Mar 27 08:11:00 deol kernel:   TSC: P-state invariant

Mar 27 08:11:00 deol kernel: real memory  = 2281635840 (2175 MB)

Mar 27 08:11:00 deol kernel: avail memory = 2164088832 (2063 MB)

Mar 27 08:11:00 deol kernel: Event timer "LAPIC" quality 100

Mar 27 08:11:00 deol kernel: ACPI APIC Table: <VBOX   VBOXAPIC>

Mar 27 08:11:00 deol kernel: FreeBSD/SMP: Multiprocessor System Detected: 2 CPUs

Mar 27 08:11:00 deol kernel: FreeBSD/SMP: 1 package(s) x 2 cache groups x 1 core(s)

Mar 27 08:11:00 deol kernel: random: registering fast source Intel Secure Key RNG

Mar 27 08:11:00 deol kernel: random: fast provider: "Intel Secure Key RNG"

Mar 27 08:11:00 deol kernel: random: unblocking device.

Mar 27 08:11:00 deol kernel: ioapic0: MADT APIC ID 2 != hw id 0

Mar 27 08:11:00 deol kernel: ioapic0 <Version 2.0> irqs 0-23

Mar 27 08:11:00 deol kernel: Launching APs: 1

Mar 27 08:11:00 deol kernel: random: entropy device external interface

Mar 27 08:11:00 deol kernel: kbd1 at kbdmux0

Mar 27 08:11:00 deol kernel: vtvga0: <VT VGA driver>

Mar 27 08:11:00 deol kernel: smbios0: <System Management BIOS> at iomem 0xfff60-0xfff7e

Mar 27 08:11:00 deol kernel: smbios0: Version: 2.5, BCD Revision: 2.5

Mar 27 08:11:00 deol kernel: aesni0: <AES-CBC,AES-CCM,AES-GCM,AES-ICM,AES-XTS>

Mar 27 08:11:00 deol kernel: acpi0: <VBOX VBOXXSDT>

Mar 27 08:11:00 deol kernel: acpi0: Power Button (fixed)

Mar 27 08:11:00 deol kernel: acpi0: Sleep Button (fixed)

Mar 27 08:11:00 deol kernel: cpu0: <ACPI CPU> on acpi0

Mar 27 08:11:00 deol kernel: attimer0: <AT timer> port 0x40-0x43,0x50-0x53 on acpi0

Mar 27 08:11:00 deol kernel: Timecounter "i8254" frequency 1193182 Hz quality 0

Mar 27 08:11:00 deol kernel: Event timer "i8254" frequency 1193182 Hz quality 100

Mar 27 08:11:00 deol kernel: atrtc1: <AT realtime clock> on acpi0

Mar 27 08:11:00 deol kernel: atrtc1: registered as a time-of-day clock, resolution 1.000000s

Mar 27 08:11:00 deol kernel: Event timer "RTC" frequency 32768 Hz quality 0

Mar 27 08:11:00 deol kernel: Timecounter "ACPI-fast" frequency 3579545 Hz quality 900

Mar 27 08:11:00 deol kernel: acpi_timer0: <32-bit timer at 3.579545MHz> port 0x4008-0x400b on acpi0

Mar 27 08:11:00 deol kernel: pcib0: <ACPI Host-PCI bridge> port 0xcf8-0xcff on acpi0

Mar 27 08:11:00 deol kernel: pci0: <ACPI PCI bus> on pcib0

Mar 27 08:11:00 deol kernel: isab0: <PCI-ISA bridge> at device 1.0 on pci0

Mar 27 08:11:00 deol kernel: isa0: <ISA bus> on isab0

Mar 27 08:11:00 deol kernel: atapci0: <Intel PIIX4 UDMA33 controller> port 0x1f0-0x1f7,0x3f6,0x170-0x177,0x376,0xd000-0xd00f at device 1.1 on pci0

Mar 27 08:11:00 deol kernel: ata0: <ATA channel> at channel 0 on atapci0

Mar 27 08:11:00 deol kernel: ata1: <ATA channel> at channel 1 on atapci0

Mar 27 08:11:00 deol kernel: vgapci0: <VGA-compatible display> port 0xd010-0xd01f mem 0xe0000000-0xe0ffffff,0xf0000000-0xf01fffff irq 18 at device 2.0 on pci0

Mar 27 08:11:00 deol kernel: vgapci0: Boot video device

Mar 27 08:11:00 deol kernel: em0: <Intel(R) Legacy PRO/1000 MT 82540EM> port 0xd020-0xd027 mem 0xf0200000-0xf021ffff irq 19 at device 3.0 on pci0

Mar 27 08:11:00 deol kernel: em0: Using 1024 TX descriptors and 1024 RX descriptors

Mar 27 08:11:00 deol kernel: em0: Ethernet address: 08:00:27:f3:52:27

Mar 27 08:11:00 deol kernel: em0: netmap queues/slots: TX 1/1024, RX 1/1024

Mar 27 08:11:00 deol kernel: pcm0: <Intel ICH (82801AA)> port 0xd100-0xd1ff,0xd200-0xd23f irq 21 at device 5.0 on pci0

Mar 27 08:11:00 deol kernel: pcm0: <SigmaTel STAC9700/83/84 AC97 Codec>

Mar 27 08:11:00 deol kernel: ohci0: <Apple KeyLargo/Intrepid USB controller> mem 0xf0804000-0xf0804fff irq 22 at device 6.0 on pci0

Mar 27 08:11:00 deol kernel: usbus0 on ohci0

Mar 27 08:11:00 deol kernel: usbus0: 12Mbps Full Speed USB v1.0

Mar 27 08:11:00 deol kernel: pci0: <bridge> at device 7.0 (no driver attached)

Mar 27 08:11:00 deol kernel: ehci0: <Intel 82801FB (ICH6) USB 2.0 controller> mem 0xf0805000-0xf0805fff irq 19 at device 11.0 on pci0

Mar 27 08:11:00 deol kernel: usbus1: EHCI version 1.0

Mar 27 08:11:00 deol kernel: usbus1 on ehci0

Mar 27 08:11:00 deol kernel: usbus1: 480Mbps High Speed USB v2.0

Mar 27 08:11:00 deol kernel: battery0: <ACPI Control Method Battery> on acpi0

Mar 27 08:11:00 deol kernel: acpi_acad0: <AC Adapter> on acpi0

Mar 27 08:11:00 deol kernel: atkbdc0: <Keyboard controller (i8042)> port 0x60,0x64 irq 1 on acpi0

Mar 27 08:11:00 deol kernel: atkbd0: <AT Keyboard> irq 1 on atkbdc0

Mar 27 08:11:00 deol kernel: kbd0 at atkbd0

Mar 27 08:11:00 deol kernel: atkbd0: [GIANT-LOCKED]

Mar 27 08:11:00 deol kernel: psm0: <PS/2 Mouse> irq 12 on atkbdc0

Mar 27 08:11:00 deol kernel: psm0: [GIANT-LOCKED]

Mar 27 08:11:00 deol kernel: WARNING: Device "psm" is Giant locked and may be deleted before FreeBSD 14.0.

Mar 27 08:11:00 deol kernel: psm0: model IntelliMouse Explorer, device ID 4

Mar 27 08:11:00 deol kernel: orm0: <ISA Option ROMs> at iomem 0xc0000-0xc7fff,0xe2000-0xe2fff pnpid ORM0000 on isa0

Mar 27 08:11:00 deol kernel: vga0: <Generic ISA VGA> at port 0x3c0-0x3df iomem 0xa0000-0xbffff pnpid PNP0900 on isa0

Mar 27 08:11:00 deol kernel: atrtc0: <AT realtime clock> at port 0x70 irq 8 on isa0

Mar 27 08:11:00 deol kernel: atrtc0: Warning: Couldn't map I/O.

Mar 27 08:11:00 deol kernel: atrtc0: registered as a time-of-day clock, resolution 1.000000s

Mar 27 08:11:00 deol kernel: atrtc0: Can't map interrupt.

Mar 27 08:11:00 deol kernel: atrtc0: non-PNP ISA device will be removed from GENERIC in FreeBSD 14.

Mar 27 08:11:00 deol kernel: Statistical TSC calibration failed!  Clocks might be ticking at variable rates.

Mar 27 08:11:00 deol kernel: Falling back to slow TSC calibration.

Mar 27 08:11:00 deol kernel: Timecounter "TSC-low" frequency 1152249776 Hz quality 0

Mar 27 08:11:00 deol kernel: Statistical lapic calibration failed!  Clocks might be ticking at variable rates.

Mar 27 08:11:00 deol kernel: Falling back to slow lapic calibration.

Mar 27 08:11:00 deol kernel: Timecounters tick every 10.000 msec

Mar 27 08:11:00 deol kernel: ipfw2 initialized, divert loadable, nat loadable, default to accept, logging disabled

Mar 27 08:11:00 deol kernel: WARNING: WITNESS option enabled, expect reduced performance.

Mar 27 08:11:00 deol kernel: ugen1.1: <Intel EHCI root HUB> at usbus1

Mar 27 08:11:00 deol kernel: ugen0.1: <Apple OHCI root HUB> at usbus0

Mar 27 08:11:00 deol kernel: uhub0 on usbus0

Mar 27 08:11:00 deol kernel: uhub0: <Apple OHCI root HUB, class 9/0, rev 1.00/1.00, addr 1> on usbus0

Mar 27 08:11:00 deol kernel: uhub1 on usbus1

Mar 27 08:11:00 deol kernel: uhub1: <Intel EHCI root HUB, class 9/0, rev 2.00/1.00, addr 1> on usbus1

Mar 27 08:11:00 deol kernel: Trying to mount root from ufs:/dev/ada0s1a [rw]...

Mar 27 08:11:00 deol kernel: uhub0: 12 ports with 12 removable, self powered

Mar 27 08:11:00 deol kernel: ada0 at ata0 bus 0 scbus0 target 0 lun 0

Mar 27 08:11:00 deol kernel: ada0: <VBOX HARDDISK 1.0> ATA-6 device

Mar 27 08:11:00 deol kernel: ada0: Serial Number VB4f372e52-e9580a74

Mar 27 08:11:00 deol kernel: ada0: 33.300MB/s transfers (UDMA2, PIO 65536bytes)

Mar 27 08:11:00 deol kernel: ada0: 36864MB (75497472 512 byte sectors)

Mar 27 08:11:00 deol kernel: Root mount waiting for: usbus1

Mar 27 08:11:00 deol syslogd: last message repeated 3 times

Mar 27 08:11:00 deol kernel: uhub1: 12 ports with 12 removable, self powered

Mar 27 08:11:00 deol kernel: Root mount waiting for: usbus1

Mar 27 08:11:00 deol kernel: intsmb0: <Intel PIIX4 SMBUS Interface> irq 23 at device 7.0 on pci0

Mar 27 08:11:00 deol kernel: intsmb0: intr IRQ 9 enabled revision 0

Mar 27 08:11:00 deol kernel: smbus0: <System Management Bus> on intsmb0

Mar 27 08:11:00 deol kernel: lo0: link state changed to UP

Mar 27 08:11:00 deol kernel: em0: link state changed to UP

Mar 27 08:11:06 deol login[753]: ROOT LOGIN (root) ON ttyv0

Mar 27 08:11:24 deol pkg[766]: iperf3-3.12 installed

Mar 27 08:12:26 deol shutdown[785]: power-down by root: 

Mar 27 08:12:28 deol kernel: , 728.

Mar 27 08:12:28 deol syslogd: exiting on signal 15

Mar 27 13:18:03 deol syslogd: kernel boot file is /boot/kernel/kernel

Mar 27 13:18:03 deol kernel: ---<<BOOT>>---

Mar 27 13:18:03 deol kernel: Copyright (c) 1992-2023 The FreeBSD Project.

Mar 27 13:18:03 deol kernel: Copyright (c) 1979, 1980, 1983, 1986, 1988, 1989, 1991, 1992, 1993, 1994

Mar 27 13:18:03 deol kernel: 	The Regents of the University of California. All rights reserved.

Mar 27 13:18:03 deol kernel: FreeBSD is a registered trademark of The FreeBSD Foundation.

Mar 27 13:18:03 deol kernel: FreeBSD 14.0-CURRENT #0 main-n261759-9b20ab1e1ef7: Sun Mar 26 12:02:39 AEDT 2023

Mar 27 13:18:03 deol kernel:     root@deol.freebsd.com:/usr/obj/root/FB13.1-AQM-SRC/amd64.amd64/sys/MYKERNEL amd64

Mar 27 13:18:03 deol kernel: FreeBSD clang version 15.0.7 (https://github.com/llvm/llvm-project.git llvmorg-15.0.7-0-g8dfdcc7b7bf6)

Mar 27 13:18:03 deol kernel: WARNING: WITNESS option enabled, expect reduced performance.

Mar 27 13:18:03 deol kernel: VT(vga): text 80x25

Mar 27 13:18:03 deol kernel: CPU: 11th Gen Intel(R) Core(TM) i7-11800H @ 2.30GHz (2304.62-MHz K8-class CPU)

Mar 27 13:18:03 deol kernel:   Origin="GenuineIntel"  Id=0x806d1  Family=0x6  Model=0x8d  Stepping=1

Mar 27 13:18:03 deol kernel:   Features=0x1783fbff<FPU,VME,DE,PSE,TSC,MSR,PAE,MCE,CX8,APIC,SEP,MTRR,PGE,MCA,CMOV,PAT,PSE36,MMX,FXSR,SSE,SSE2,HTT>

Mar 27 13:18:03 deol kernel:   Features2=0x42da2203<SSE3,PCLMULQDQ,SSSE3,CX16,PCID,SSE4.1,SSE4.2,MOVBE,POPCNT,AESNI,RDRAND>

Mar 27 13:18:03 deol kernel:   AMD Features=0x28100800<SYSCALL,NX,RDTSCP,LM>

Mar 27 13:18:03 deol kernel:   AMD Features2=0x121<LAHF,ABM,Prefetch>

Mar 27 13:18:03 deol kernel:   Structured Extended Features=0x842509<FSGSBASE,BMI1,BMI2,INVPCID,NFPUSG,RDSEED,CLFLUSHOPT>

Mar 27 13:18:03 deol kernel:   Structured Extended Features3=0x30000400<MD_CLEAR,L1DFL,ARCH_CAP>

Mar 27 13:18:03 deol kernel:   IA32_ARCH_CAPS=0x67<RDCL_NO,IBRS_ALL,RSBA,MDS_NO>

Mar 27 13:18:03 deol kernel:   TSC: P-state invariant

Mar 27 13:18:03 deol kernel: real memory  = 2281635840 (2175 MB)

Mar 27 13:18:03 deol kernel: avail memory = 2164088832 (2063 MB)

Mar 27 13:18:03 deol kernel: Event timer "LAPIC" quality 100

Mar 27 13:18:03 deol kernel: ACPI APIC Table: <VBOX   VBOXAPIC>

Mar 27 13:18:03 deol kernel: FreeBSD/SMP: Multiprocessor System Detected: 2 CPUs

Mar 27 13:18:03 deol kernel: FreeBSD/SMP: 1 package(s) x 2 cache groups x 1 core(s)

Mar 27 13:18:03 deol kernel: random: registering fast source Intel Secure Key RNG

Mar 27 13:18:03 deol kernel: random: fast provider: "Intel Secure Key RNG"

Mar 27 13:18:03 deol kernel: random: unblocking device.

Mar 27 13:18:03 deol kernel: ioapic0: MADT APIC ID 2 != hw id 0

Mar 27 13:18:03 deol kernel: ioapic0 <Version 2.0> irqs 0-23

Mar 27 13:18:03 deol kernel: Launching APs: 1

Mar 27 13:18:03 deol kernel: random: entropy device external interface

Mar 27 13:18:03 deol kernel: kbd1 at kbdmux0

Mar 27 13:18:03 deol kernel: vtvga0: <VT VGA driver>

Mar 27 13:18:03 deol kernel: smbios0: <System Management BIOS> at iomem 0xfff60-0xfff7e

Mar 27 13:18:03 deol kernel: smbios0: Version: 2.5, BCD Revision: 2.5

Mar 27 13:18:03 deol kernel: aesni0: <AES-CBC,AES-CCM,AES-GCM,AES-ICM,AES-XTS>

Mar 27 13:18:03 deol kernel: acpi0: <VBOX VBOXXSDT>

Mar 27 13:18:03 deol kernel: acpi0: Power Button (fixed)

Mar 27 13:18:03 deol kernel: acpi0: Sleep Button (fixed)

Mar 27 13:18:03 deol kernel: cpu0: <ACPI CPU> on acpi0

Mar 27 13:18:03 deol kernel: attimer0: <AT timer> port 0x40-0x43,0x50-0x53 on acpi0

Mar 27 13:18:03 deol kernel: Timecounter "i8254" frequency 1193182 Hz quality 0

Mar 27 13:18:03 deol kernel: Event timer "i8254" frequency 1193182 Hz quality 100

Mar 27 13:18:03 deol kernel: atrtc1: <AT realtime clock> on acpi0

Mar 27 13:18:03 deol kernel: atrtc1: registered as a time-of-day clock, resolution 1.000000s

Mar 27 13:18:03 deol kernel: Event timer "RTC" frequency 32768 Hz quality 0

Mar 27 13:18:03 deol kernel: Timecounter "ACPI-fast" frequency 3579545 Hz quality 900

Mar 27 13:18:03 deol kernel: acpi_timer0: <32-bit timer at 3.579545MHz> port 0x4008-0x400b on acpi0

Mar 27 13:18:03 deol kernel: pcib0: <ACPI Host-PCI bridge> port 0xcf8-0xcff on acpi0

Mar 27 13:18:03 deol kernel: pci0: <ACPI PCI bus> on pcib0

Mar 27 13:18:03 deol kernel: isab0: <PCI-ISA bridge> at device 1.0 on pci0

Mar 27 13:18:03 deol kernel: isa0: <ISA bus> on isab0

Mar 27 13:18:03 deol kernel: atapci0: <Intel PIIX4 UDMA33 controller> port 0x1f0-0x1f7,0x3f6,0x170-0x177,0x376,0xd000-0xd00f at device 1.1 on pci0

Mar 27 13:18:03 deol kernel: ata0: <ATA channel> at channel 0 on atapci0

Mar 27 13:18:03 deol kernel: ata1: <ATA channel> at channel 1 on atapci0

Mar 27 13:18:03 deol kernel: vgapci0: <VGA-compatible display> port 0xd010-0xd01f mem 0xe0000000-0xe0ffffff,0xf0000000-0xf01fffff irq 18 at device 2.0 on pci0

Mar 27 13:18:03 deol kernel: vgapci0: Boot video device

Mar 27 13:18:03 deol kernel: em0: <Intel(R) Legacy PRO/1000 MT 82540EM> port 0xd020-0xd027 mem 0xf0200000-0xf021ffff irq 19 at device 3.0 on pci0

Mar 27 13:18:03 deol kernel: em0: Using 1024 TX descriptors and 1024 RX descriptors

Mar 27 13:18:03 deol kernel: em0: Ethernet address: 08:00:27:f3:52:27

Mar 27 13:18:03 deol kernel: em0: netmap queues/slots: TX 1/1024, RX 1/1024

Mar 27 13:18:03 deol kernel: pcm0: <Intel ICH (82801AA)> port 0xd100-0xd1ff,0xd200-0xd23f irq 21 at device 5.0 on pci0

Mar 27 13:18:03 deol kernel: pcm0: <SigmaTel STAC9700/83/84 AC97 Codec>

Mar 27 13:18:03 deol kernel: ohci0: <Apple KeyLargo/Intrepid USB controller> mem 0xf0804000-0xf0804fff irq 22 at device 6.0 on pci0

Mar 27 13:18:03 deol kernel: usbus0 on ohci0

Mar 27 13:18:03 deol kernel: usbus0: 12Mbps Full Speed USB v1.0

Mar 27 13:18:03 deol kernel: pci0: <bridge> at device 7.0 (no driver attached)

Mar 27 13:18:03 deol kernel: ehci0: <Intel 82801FB (ICH6) USB 2.0 controller> mem 0xf0805000-0xf0805fff irq 19 at device 11.0 on pci0

Mar 27 13:18:03 deol kernel: usbus1: EHCI version 1.0

Mar 27 13:18:03 deol kernel: usbus1 on ehci0

Mar 27 13:18:03 deol kernel: usbus1: 480Mbps High Speed USB v2.0

Mar 27 13:18:03 deol kernel: battery0: <ACPI Control Method Battery> on acpi0

Mar 27 13:18:03 deol kernel: acpi_acad0: <AC Adapter> on acpi0

Mar 27 13:18:03 deol kernel: atkbdc0: <Keyboard controller (i8042)> port 0x60,0x64 irq 1 on acpi0

Mar 27 13:18:03 deol kernel: atkbd0: <AT Keyboard> irq 1 on atkbdc0

Mar 27 13:18:03 deol kernel: kbd0 at atkbd0

Mar 27 13:18:03 deol kernel: atkbd0: [GIANT-LOCKED]

Mar 27 13:18:03 deol kernel: psm0: <PS/2 Mouse> irq 12 on atkbdc0

Mar 27 13:18:03 deol kernel: psm0: [GIANT-LOCKED]

Mar 27 13:18:03 deol kernel: WARNING: Device "psm" is Giant locked and may be deleted before FreeBSD 14.0.

Mar 27 13:18:03 deol kernel: psm0: model IntelliMouse Explorer, device ID 4

Mar 27 13:18:03 deol kernel: orm0: <ISA Option ROMs> at iomem 0xc0000-0xc7fff,0xe2000-0xe2fff pnpid ORM0000 on isa0

Mar 27 13:18:03 deol kernel: vga0: <Generic ISA VGA> at port 0x3c0-0x3df iomem 0xa0000-0xbffff pnpid PNP0900 on isa0

Mar 27 13:18:03 deol kernel: atrtc0: <AT realtime clock> at port 0x70 irq 8 on isa0

Mar 27 13:18:03 deol kernel: atrtc0: Warning: Couldn't map I/O.

Mar 27 13:18:03 deol kernel: atrtc0: registered as a time-of-day clock, resolution 1.000000s

Mar 27 13:18:03 deol kernel: atrtc0: Can't map interrupt.

Mar 27 13:18:03 deol kernel: atrtc0: non-PNP ISA device will be removed from GENERIC in FreeBSD 14.

Mar 27 13:18:03 deol kernel: Statistical TSC calibration failed!  Clocks might be ticking at variable rates.

Mar 27 13:18:03 deol kernel: Falling back to slow TSC calibration.

Mar 27 13:18:03 deol kernel: Timecounter "TSC-low" frequency 1152375875 Hz quality 0

Mar 27 13:18:03 deol kernel: Timecounters tick every 10.000 msec

Mar 27 13:18:03 deol kernel: ipfw2 initialized, divert loadable, nat loadable, default to accept, logging disabled

Mar 27 13:18:03 deol kernel: WARNING: WITNESS option enabled, expect reduced performance.

Mar 27 13:18:03 deol kernel: ugen1.1: <Intel EHCI root HUB> at usbus1

Mar 27 13:18:03 deol kernel: uhub0 on usbus1

Mar 27 13:18:03 deol kernel: uhub0: <Intel EHCI root HUB, class 9/0, rev 2.00/1.00, addr 1> on usbus1

Mar 27 13:18:03 deol kernel: ugen0.1: <Apple OHCI root HUB> at usbus0

Mar 27 13:18:03 deol kernel: uhub1 on usbus0

Mar 27 13:18:03 deol kernel: uhub1: <Apple OHCI root HUB, class 9/0, rev 1.00/1.00, addr 1> on usbus0

Mar 27 13:18:03 deol kernel: Trying to mount root from ufs:/dev/ada0s1a [rw]...

Mar 27 13:18:03 deol kernel: uhub1: 12 ports with 12 removable, self powered

Mar 27 13:18:03 deol kernel: ada0 at ata0 bus 0 scbus0 target 0 lun 0

Mar 27 13:18:03 deol kernel: ada0: <VBOX HARDDISK 1.0> ATA-6 device

Mar 27 13:18:03 deol kernel: ada0: Serial Number VB1df42375-b5e79faf

Mar 27 13:18:03 deol kernel: ada0: 33.300MB/s transfers (UDMA2, PIO 65536bytes)

Mar 27 13:18:03 deol kernel: ada0: 36864MB (75497472 512 byte sectors)

Mar 27 13:18:03 deol kernel: Root mount waiting for: usbus1

Mar 27 13:18:03 deol syslogd: last message repeated 4 times

Mar 27 13:18:03 deol kernel: uhub0: 12 ports with 12 removable, self powered

Mar 27 13:18:03 deol kernel: intsmb0: <Intel PIIX4 SMBUS Interface> irq 23 at device 7.0 on pci0

Mar 27 13:18:03 deol kernel: intsmb0: intr IRQ 9 enabled revision 0

Mar 27 13:18:03 deol kernel: smbus0: <System Management Bus> on intsmb0

Mar 27 13:18:03 deol kernel: lo0: link state changed to UP

Mar 27 13:18:03 deol kernel: em0: link state changed to UP

Mar 27 13:18:49 deol login[737]: ROOT LOGIN (root) ON ttyv0

Mar 27 13:18:53 deol shutdown[749]: power-down by root: 

Mar 27 13:18:54 deol kernel: .

Mar 27 13:18:54 deol syslogd: exiting on signal 15

Mar 27 13:24:10 deol syslogd: kernel boot file is /boot/kernel/kernel

Mar 27 13:24:10 deol kernel: ---<<BOOT>>---

Mar 27 13:24:10 deol kernel: Copyright (c) 1992-2023 The FreeBSD Project.

Mar 27 13:24:10 deol kernel: Copyright (c) 1979, 1980, 1983, 1986, 1988, 1989, 1991, 1992, 1993, 1994

Mar 27 13:24:10 deol kernel: 	The Regents of the University of California. All rights reserved.

Mar 27 13:24:10 deol kernel: FreeBSD is a registered trademark of The FreeBSD Foundation.

Mar 27 13:24:10 deol kernel: FreeBSD 14.0-CURRENT #0 main-n261759-9b20ab1e1ef7: Sun Mar 26 12:02:39 AEDT 2023

Mar 27 13:24:10 deol kernel:     root@deol.freebsd.com:/usr/obj/root/FB13.1-AQM-SRC/amd64.amd64/sys/MYKERNEL amd64

Mar 27 13:24:10 deol kernel: FreeBSD clang version 15.0.7 (https://github.com/llvm/llvm-project.git llvmorg-15.0.7-0-g8dfdcc7b7bf6)

Mar 27 13:24:10 deol kernel: WARNING: WITNESS option enabled, expect reduced performance.

Mar 27 13:24:10 deol kernel: VT(vga): text 80x25

Mar 27 13:24:10 deol kernel: CPU: 11th Gen Intel(R) Core(TM) i7-11800H @ 2.30GHz (2304.80-MHz K8-class CPU)

Mar 27 13:24:10 deol kernel:   Origin="GenuineIntel"  Id=0x806d1  Family=0x6  Model=0x8d  Stepping=1

Mar 27 13:24:10 deol kernel:   Features=0x1783fbff<FPU,VME,DE,PSE,TSC,MSR,PAE,MCE,CX8,APIC,SEP,MTRR,PGE,MCA,CMOV,PAT,PSE36,MMX,FXSR,SSE,SSE2,HTT>

Mar 27 13:24:10 deol kernel:   Features2=0x42da2203<SSE3,PCLMULQDQ,SSSE3,CX16,PCID,SSE4.1,SSE4.2,MOVBE,POPCNT,AESNI,RDRAND>

Mar 27 13:24:10 deol kernel:   AMD Features=0x28100800<SYSCALL,NX,RDTSCP,LM>

Mar 27 13:24:10 deol kernel:   AMD Features2=0x121<LAHF,ABM,Prefetch>

Mar 27 13:24:10 deol kernel:   Structured Extended Features=0x842509<FSGSBASE,BMI1,BMI2,INVPCID,NFPUSG,RDSEED,CLFLUSHOPT>

Mar 27 13:24:10 deol kernel:   Structured Extended Features3=0x30000400<MD_CLEAR,L1DFL,ARCH_CAP>

Mar 27 13:24:10 deol kernel:   IA32_ARCH_CAPS=0x67<RDCL_NO,IBRS_ALL,RSBA,MDS_NO>

Mar 27 13:24:10 deol kernel:   TSC: P-state invariant

Mar 27 13:24:10 deol kernel: real memory  = 2281635840 (2175 MB)

Mar 27 13:24:10 deol kernel: avail memory = 2164088832 (2063 MB)

Mar 27 13:24:10 deol kernel: Event timer "LAPIC" quality 100

Mar 27 13:24:10 deol kernel: ACPI APIC Table: <VBOX   VBOXAPIC>

Mar 27 13:24:10 deol kernel: FreeBSD/SMP: Multiprocessor System Detected: 2 CPUs

Mar 27 13:24:10 deol kernel: FreeBSD/SMP: 1 package(s) x 2 cache groups x 1 core(s)

Mar 27 13:24:10 deol kernel: random: registering fast source Intel Secure Key RNG

Mar 27 13:24:10 deol kernel: random: fast provider: "Intel Secure Key RNG"

Mar 27 13:24:10 deol kernel: random: unblocking device.

Mar 27 13:24:10 deol kernel: ioapic0: MADT APIC ID 2 != hw id 0

Mar 27 13:24:10 deol kernel: ioapic0 <Version 2.0> irqs 0-23

Mar 27 13:24:10 deol kernel: Launching APs: 1

Mar 27 13:24:10 deol kernel: random: entropy device external interface

Mar 27 13:24:10 deol kernel: kbd1 at kbdmux0

Mar 27 13:24:10 deol kernel: vtvga0: <VT VGA driver>

Mar 27 13:24:10 deol kernel: smbios0: <System Management BIOS> at iomem 0xfff60-0xfff7e

Mar 27 13:24:10 deol kernel: smbios0: Version: 2.5, BCD Revision: 2.5

Mar 27 13:24:10 deol kernel: aesni0: <AES-CBC,AES-CCM,AES-GCM,AES-ICM,AES-XTS>

Mar 27 13:24:10 deol kernel: acpi0: <VBOX VBOXXSDT>

Mar 27 13:24:10 deol kernel: acpi0: Power Button (fixed)

Mar 27 13:24:10 deol kernel: acpi0: Sleep Button (fixed)

Mar 27 13:24:10 deol kernel: cpu0: <ACPI CPU> on acpi0

Mar 27 13:24:10 deol kernel: attimer0: <AT timer> port 0x40-0x43,0x50-0x53 on acpi0

Mar 27 13:24:10 deol kernel: Timecounter "i8254" frequency 1193182 Hz quality 0

Mar 27 13:24:10 deol kernel: Event timer "i8254" frequency 1193182 Hz quality 100

Mar 27 13:24:10 deol kernel: atrtc1: <AT realtime clock> on acpi0

Mar 27 13:24:10 deol kernel: atrtc1: registered as a time-of-day clock, resolution 1.000000s

Mar 27 13:24:10 deol kernel: Event timer "RTC" frequency 32768 Hz quality 0

Mar 27 13:24:10 deol kernel: Timecounter "ACPI-fast" frequency 3579545 Hz quality 900

Mar 27 13:24:10 deol kernel: acpi_timer0: <32-bit timer at 3.579545MHz> port 0x4008-0x400b on acpi0

Mar 27 13:24:10 deol kernel: pcib0: <ACPI Host-PCI bridge> port 0xcf8-0xcff on acpi0

Mar 27 13:24:10 deol kernel: pci0: <ACPI PCI bus> on pcib0

Mar 27 13:24:10 deol kernel: isab0: <PCI-ISA bridge> at device 1.0 on pci0

Mar 27 13:24:10 deol kernel: isa0: <ISA bus> on isab0

Mar 27 13:24:10 deol kernel: atapci0: <Intel PIIX4 UDMA33 controller> port 0x1f0-0x1f7,0x3f6,0x170-0x177,0x376,0xd000-0xd00f at device 1.1 on pci0

Mar 27 13:24:10 deol kernel: ata0: <ATA channel> at channel 0 on atapci0

Mar 27 13:24:10 deol kernel: ata1: <ATA channel> at channel 1 on atapci0

Mar 27 13:24:10 deol kernel: vgapci0: <VGA-compatible display> port 0xd010-0xd01f mem 0xe0000000-0xe0ffffff,0xf0000000-0xf01fffff irq 18 at device 2.0 on pci0

Mar 27 13:24:10 deol kernel: vgapci0: Boot video device

Mar 27 13:24:10 deol kernel: em0: <Intel(R) Legacy PRO/1000 MT 82540EM> port 0xd020-0xd027 mem 0xf0200000-0xf021ffff irq 19 at device 3.0 on pci0

Mar 27 13:24:10 deol kernel: em0: Using 1024 TX descriptors and 1024 RX descriptors

Mar 27 13:24:10 deol kernel: em0: Ethernet address: 08:00:27:f3:52:27

Mar 27 13:24:10 deol kernel: em0: netmap queues/slots: TX 1/1024, RX 1/1024

Mar 27 13:24:10 deol kernel: pcm0: <Intel ICH (82801AA)> port 0xd100-0xd1ff,0xd200-0xd23f irq 21 at device 5.0 on pci0

Mar 27 13:24:10 deol kernel: pcm0: <SigmaTel STAC9700/83/84 AC97 Codec>

Mar 27 13:24:10 deol kernel: ohci0: <Apple KeyLargo/Intrepid USB controller> mem 0xf0804000-0xf0804fff irq 22 at device 6.0 on pci0

Mar 27 13:24:10 deol kernel: usbus0 on ohci0

Mar 27 13:24:10 deol kernel: usbus0: 12Mbps Full Speed USB v1.0

Mar 27 13:24:10 deol kernel: pci0: <bridge> at device 7.0 (no driver attached)

Mar 27 13:24:10 deol kernel: em1: <Intel(R) Legacy PRO/1000 MT 82540EM> port 0xd240-0xd247 mem 0xf0820000-0xf083ffff irq 16 at device 8.0 on pci0

Mar 27 13:24:10 deol kernel: em1: Using 1024 TX descriptors and 1024 RX descriptors

Mar 27 13:24:10 deol kernel: em1: Ethernet address: 08:00:27:38:ec:2c

Mar 27 13:24:10 deol kernel: em1: netmap queues/slots: TX 1/1024, RX 1/1024

Mar 27 13:24:10 deol kernel: em2: <Intel(R) Legacy PRO/1000 MT 82540EM> port 0xd248-0xd24f mem 0xf0840000-0xf085ffff irq 17 at device 9.0 on pci0

Mar 27 13:24:10 deol kernel: em2: Using 1024 TX descriptors and 1024 RX descriptors

Mar 27 13:24:10 deol kernel: em2: Ethernet address: 08:00:27:57:76:4f

Mar 27 13:24:10 deol kernel: em2: netmap queues/slots: TX 1/1024, RX 1/1024

Mar 27 13:24:10 deol kernel: em3: <Intel(R) Legacy PRO/1000 MT 82540EM> port 0xd250-0xd257 mem 0xf0860000-0xf087ffff irq 18 at device 10.0 on pci0

Mar 27 13:24:10 deol kernel: em3: Using 1024 TX descriptors and 1024 RX descriptors

Mar 27 13:24:10 deol kernel: em3: Ethernet address: 08:00:27:2b:8e:e5

Mar 27 13:24:10 deol kernel: em3: netmap queues/slots: TX 1/1024, RX 1/1024

Mar 27 13:24:10 deol kernel: ehci0: <Intel 82801FB (ICH6) USB 2.0 controller> mem 0xf0880000-0xf0880fff irq 19 at device 11.0 on pci0

Mar 27 13:24:10 deol kernel: usbus1: EHCI version 1.0

Mar 27 13:24:10 deol kernel: usbus1 on ehci0

Mar 27 13:24:10 deol kernel: usbus1: 480Mbps High Speed USB v2.0

Mar 27 13:24:10 deol kernel: battery0: <ACPI Control Method Battery> on acpi0

Mar 27 13:24:10 deol kernel: acpi_acad0: <AC Adapter> on acpi0

Mar 27 13:24:10 deol kernel: atkbdc0: <Keyboard controller (i8042)> port 0x60,0x64 irq 1 on acpi0

Mar 27 13:24:10 deol kernel: atkbd0: <AT Keyboard> irq 1 on atkbdc0

Mar 27 13:24:10 deol kernel: kbd0 at atkbd0

Mar 27 13:24:10 deol kernel: atkbd0: [GIANT-LOCKED]

Mar 27 13:24:10 deol kernel: psm0: <PS/2 Mouse> irq 12 on atkbdc0

Mar 27 13:24:10 deol kernel: psm0: [GIANT-LOCKED]

Mar 27 13:24:10 deol kernel: WARNING: Device "psm" is Giant locked and may be deleted before FreeBSD 14.0.

Mar 27 13:24:10 deol kernel: psm0: model IntelliMouse Explorer, device ID 4

Mar 27 13:24:10 deol kernel: orm0: <ISA Option ROMs> at iomem 0xc0000-0xc7fff,0xe2000-0xe2fff pnpid ORM0000 on isa0

Mar 27 13:24:10 deol kernel: vga0: <Generic ISA VGA> at port 0x3c0-0x3df iomem 0xa0000-0xbffff pnpid PNP0900 on isa0

Mar 27 13:24:10 deol kernel: atrtc0: <AT realtime clock> at port 0x70 irq 8 on isa0

Mar 27 13:24:10 deol kernel: atrtc0: Warning: Couldn't map I/O.

Mar 27 13:24:10 deol kernel: atrtc0: registered as a time-of-day clock, resolution 1.000000s

Mar 27 13:24:10 deol kernel: atrtc0: Can't map interrupt.

Mar 27 13:24:10 deol kernel: atrtc0: non-PNP ISA device will be removed from GENERIC in FreeBSD 14.

Mar 27 13:24:10 deol kernel: Statistical TSC calibration failed!  Clocks might be ticking at variable rates.

Mar 27 13:24:10 deol kernel: Falling back to slow TSC calibration.

Mar 27 13:24:10 deol kernel: Timecounter "TSC-low" frequency 1151405978 Hz quality 0

Mar 27 13:24:10 deol kernel: Statistical lapic calibration failed!  Clocks might be ticking at variable rates.

Mar 27 13:24:10 deol kernel: Falling back to slow lapic calibration.

Mar 27 13:24:10 deol kernel: Timecounters tick every 10.000 msec

Mar 27 13:24:10 deol kernel: ipfw2 initialized, divert loadable, nat loadable, default to accept, logging disabled

Mar 27 13:24:10 deol kernel: WARNING: WITNESS option enabled, expect reduced performance.

Mar 27 13:24:10 deol kernel: ugen0.1: <Apple OHCI root HUB> at usbus0

Mar 27 13:24:10 deol kernel: uhub0 on usbus0

Mar 27 13:24:10 deol kernel: uhub0: <Apple OHCI root HUB, class 9/0, rev 1.00/1.00, addr 1> on usbus0

Mar 27 13:24:10 deol kernel: ugen1.1: <Intel EHCI root HUB> at usbus1

Mar 27 13:24:10 deol kernel: uhub1 on usbus1

Mar 27 13:24:10 deol kernel: uhub1: <Intel EHCI root HUB, class 9/0, rev 2.00/1.00, addr 1> on usbus1

Mar 27 13:24:10 deol kernel: Trying to mount root from ufs:/dev/ada0s1a [rw]...

Mar 27 13:24:10 deol kernel: uhub0: 12 ports with 12 removable, self powered

Mar 27 13:24:10 deol kernel: ada0 at ata0 bus 0 scbus0 target 0 lun 0

Mar 27 13:24:10 deol kernel: ada0: <VBOX HARDDISK 1.0> ATA-6 device

Mar 27 13:24:10 deol kernel: ada0: Serial Number VB1df42375-b5e79faf

Mar 27 13:24:10 deol kernel: ada0: 33.300MB/s transfers (UDMA2, PIO 65536bytes)

Mar 27 13:24:10 deol kernel: ada0: 36864MB (75497472 512 byte sectors)

Mar 27 13:24:10 deol kernel: Root mount waiting for: usbus1

Mar 27 13:24:10 deol syslogd: last message repeated 3 times

Mar 27 13:24:10 deol kernel: uhub1: 12 ports with 12 removable, self powered

Mar 27 13:24:10 deol kernel: intsmb0: <Intel PIIX4 SMBUS Interface> irq 23 at device 7.0 on pci0

Mar 27 13:24:10 deol kernel: intsmb0: intr IRQ 9 enabled revision 0

Mar 27 13:24:10 deol kernel: smbus0: <System Management Bus> on intsmb0

Mar 27 13:24:10 deol kernel: lo0: link state changed to UP

Mar 27 13:24:10 deol kernel: em1: link state changed to UP

Mar 27 13:24:10 deol kernel: debugnet_any_ifnet_update: Bad dn_init result from em1 (ifp 0xfffff800039a0800), ignoring.

Mar 27 13:24:10 deol kernel: em2: link state changed to UP

Mar 27 13:24:10 deol kernel: debugnet_any_ifnet_update: Bad dn_init result from em2 (ifp 0xfffff800039a0000), ignoring.

Mar 27 13:24:10 deol kernel: em3: link state changed to UP

Mar 27 13:24:10 deol kernel: debugnet_any_ifnet_update: Bad dn_init result from em3 (ifp 0xfffff800039a1800), ignoring.

Mar 27 13:24:10 deol kernel: em0: link state changed to UP

Mar 27 13:30:03 deol kernel: .

Mar 27 13:30:03 deol syslogd: exiting on signal 15

Mar 29 23:23:43 dummynetvm1 syslogd: kernel boot file is /boot/kernel/kernel

Mar 29 23:23:43 dummynetvm1 kernel: ---<<BOOT>>---

Mar 29 23:23:43 dummynetvm1 kernel: Copyright (c) 1992-2023 The FreeBSD Project.

Mar 29 23:23:43 dummynetvm1 kernel: Copyright (c) 1979, 1980, 1983, 1986, 1988, 1989, 1991, 1992, 1993, 1994

Mar 29 23:23:43 dummynetvm1 kernel: 	The Regents of the University of California. All rights reserved.

Mar 29 23:23:43 dummynetvm1 kernel: FreeBSD is a registered trademark of The FreeBSD Foundation.

Mar 29 23:23:43 dummynetvm1 kernel: FreeBSD 14.0-CURRENT #0 main-n261759-9b20ab1e1ef7: Sun Mar 26 12:02:39 AEDT 2023

Mar 29 23:23:43 dummynetvm1 kernel:     root@deol.freebsd.com:/usr/obj/root/FB13.1-AQM-SRC/amd64.amd64/sys/MYKERNEL amd64

Mar 29 23:23:43 dummynetvm1 kernel: FreeBSD clang version 15.0.7 (https://github.com/llvm/llvm-project.git llvmorg-15.0.7-0-g8dfdcc7b7bf6)

Mar 29 23:23:43 dummynetvm1 kernel: WARNING: WITNESS option enabled, expect reduced performance.

Mar 29 23:23:43 dummynetvm1 kernel: VT(vga): text 80x25

Mar 29 23:23:43 dummynetvm1 kernel: CPU: 11th Gen Intel(R) Core(TM) i7-11800H @ 2.30GHz (2304.84-MHz K8-class CPU)

Mar 29 23:23:43 dummynetvm1 kernel:   Origin="GenuineIntel"  Id=0x806d1  Family=0x6  Model=0x8d  Stepping=1

Mar 29 23:23:43 dummynetvm1 kernel:   Features=0x1783fbff<FPU,VME,DE,PSE,TSC,MSR,PAE,MCE,CX8,APIC,SEP,MTRR,PGE,MCA,CMOV,PAT,PSE36,MMX,FXSR,SSE,SSE2,HTT>

Mar 29 23:23:43 dummynetvm1 kernel:   Features2=0x42da2203<SSE3,PCLMULQDQ,SSSE3,CX16,PCID,SSE4.1,SSE4.2,MOVBE,POPCNT,AESNI,RDRAND>

Mar 29 23:23:43 dummynetvm1 kernel:   AMD Features=0x28100800<SYSCALL,NX,RDTSCP,LM>

Mar 29 23:23:43 dummynetvm1 kernel:   AMD Features2=0x121<LAHF,ABM,Prefetch>

Mar 29 23:23:43 dummynetvm1 kernel:   Structured Extended Features=0x842509<FSGSBASE,BMI1,BMI2,INVPCID,NFPUSG,RDSEED,CLFLUSHOPT>

Mar 29 23:23:43 dummynetvm1 kernel:   Structured Extended Features3=0x30000400<MD_CLEAR,L1DFL,ARCH_CAP>

Mar 29 23:23:43 dummynetvm1 kernel:   IA32_ARCH_CAPS=0x67<RDCL_NO,IBRS_ALL,RSBA,MDS_NO>

Mar 29 23:23:43 dummynetvm1 kernel:   TSC: P-state invariant

Mar 29 23:23:43 dummynetvm1 kernel: real memory  = 2281635840 (2175 MB)

Mar 29 23:23:43 dummynetvm1 kernel: avail memory = 2164088832 (2063 MB)

Mar 29 23:23:43 dummynetvm1 kernel: Event timer "LAPIC" quality 100

Mar 29 23:23:43 dummynetvm1 kernel: ACPI APIC Table: <VBOX   VBOXAPIC>

Mar 29 23:23:43 dummynetvm1 kernel: FreeBSD/SMP: Multiprocessor System Detected: 2 CPUs

Mar 29 23:23:43 dummynetvm1 kernel: FreeBSD/SMP: 1 package(s) x 2 cache groups x 1 core(s)

Mar 29 23:23:43 dummynetvm1 kernel: random: registering fast source Intel Secure Key RNG

Mar 29 23:23:43 dummynetvm1 kernel: random: fast provider: "Intel Secure Key RNG"

Mar 29 23:23:43 dummynetvm1 kernel: random: unblocking device.

Mar 29 23:23:43 dummynetvm1 kernel: ioapic0: MADT APIC ID 2 != hw id 0

Mar 29 23:23:43 dummynetvm1 kernel: ioapic0 <Version 2.0> irqs 0-23

Mar 29 23:23:43 dummynetvm1 kernel: Launching APs: 1

Mar 29 23:23:43 dummynetvm1 kernel: random: entropy device external interface

Mar 29 23:23:43 dummynetvm1 kernel: kbd1 at kbdmux0

Mar 29 23:23:43 dummynetvm1 kernel: vtvga0: <VT VGA driver>

Mar 29 23:23:43 dummynetvm1 kernel: smbios0: <System Management BIOS> at iomem 0xfff60-0xfff7e

Mar 29 23:23:43 dummynetvm1 kernel: smbios0: Version: 2.5, BCD Revision: 2.5

Mar 29 23:23:43 dummynetvm1 kernel: aesni0: <AES-CBC,AES-CCM,AES-GCM,AES-ICM,AES-XTS>

Mar 29 23:23:43 dummynetvm1 kernel: acpi0: <VBOX VBOXXSDT>

Mar 29 23:23:43 dummynetvm1 kernel: acpi0: Power Button (fixed)

Mar 29 23:23:43 dummynetvm1 kernel: acpi0: Sleep Button (fixed)

Mar 29 23:23:43 dummynetvm1 kernel: cpu0: <ACPI CPU> on acpi0

Mar 29 23:23:43 dummynetvm1 kernel: attimer0: <AT timer> port 0x40-0x43,0x50-0x53 on acpi0

Mar 29 23:23:43 dummynetvm1 kernel: Timecounter "i8254" frequency 1193182 Hz quality 0

Mar 29 23:23:43 dummynetvm1 kernel: Event timer "i8254" frequency 1193182 Hz quality 100

Mar 29 23:23:43 dummynetvm1 kernel: atrtc1: <AT realtime clock> on acpi0

Mar 29 23:23:43 dummynetvm1 kernel: atrtc1: registered as a time-of-day clock, resolution 1.000000s

Mar 29 23:23:43 dummynetvm1 kernel: Event timer "RTC" frequency 32768 Hz quality 0

Mar 29 23:23:43 dummynetvm1 kernel: Timecounter "ACPI-fast" frequency 3579545 Hz quality 900

Mar 29 23:23:43 dummynetvm1 kernel: acpi_timer0: <32-bit timer at 3.579545MHz> port 0x4008-0x400b on acpi0

Mar 29 23:23:43 dummynetvm1 kernel: pcib0: <ACPI Host-PCI bridge> port 0xcf8-0xcff on acpi0

Mar 29 23:23:43 dummynetvm1 kernel: pci0: <ACPI PCI bus> on pcib0

Mar 29 23:23:43 dummynetvm1 kernel: isab0: <PCI-ISA bridge> at device 1.0 on pci0

Mar 29 23:23:43 dummynetvm1 kernel: isa0: <ISA bus> on isab0

Mar 29 23:23:43 dummynetvm1 kernel: atapci0: <Intel PIIX4 UDMA33 controller> port 0x1f0-0x1f7,0x3f6,0x170-0x177,0x376,0xd000-0xd00f at device 1.1 on pci0

Mar 29 23:23:43 dummynetvm1 kernel: ata0: <ATA channel> at channel 0 on atapci0

Mar 29 23:23:43 dummynetvm1 kernel: ata1: <ATA channel> at channel 1 on atapci0

Mar 29 23:23:43 dummynetvm1 kernel: vgapci0: <VGA-compatible display> port 0xd010-0xd01f mem 0xe0000000-0xe0ffffff,0xf0000000-0xf01fffff irq 18 at device 2.0 on pci0

Mar 29 23:23:43 dummynetvm1 kernel: vgapci0: Boot video device

Mar 29 23:23:43 dummynetvm1 kernel: em0: <Intel(R) Legacy PRO/1000 MT 82540EM> port 0xd020-0xd027 mem 0xf0200000-0xf021ffff irq 19 at device 3.0 on pci0

Mar 29 23:23:43 dummynetvm1 kernel: em0: Using 1024 TX descriptors and 1024 RX descriptors

Mar 29 23:23:43 dummynetvm1 kernel: em0: Ethernet address: 08:00:27:f3:52:27

Mar 29 23:23:43 dummynetvm1 kernel: em0: netmap queues/slots: TX 1/1024, RX 1/1024

Mar 29 23:23:43 dummynetvm1 kernel: pcm0: <Intel ICH (82801AA)> port 0xd100-0xd1ff,0xd200-0xd23f irq 21 at device 5.0 on pci0

Mar 29 23:23:43 dummynetvm1 kernel: pcm0: <SigmaTel STAC9700/83/84 AC97 Codec>

Mar 29 23:23:43 dummynetvm1 kernel: ohci0: <Apple KeyLargo/Intrepid USB controller> mem 0xf0804000-0xf0804fff irq 22 at device 6.0 on pci0

Mar 29 23:23:43 dummynetvm1 kernel: usbus0 on ohci0

Mar 29 23:23:43 dummynetvm1 kernel: usbus0: 12Mbps Full Speed USB v1.0

Mar 29 23:23:43 dummynetvm1 kernel: pci0: <bridge> at device 7.0 (no driver attached)

Mar 29 23:23:43 dummynetvm1 kernel: em1: <Intel(R) Legacy PRO/1000 MT 82540EM> port 0xd240-0xd247 mem 0xf0820000-0xf083ffff irq 16 at device 8.0 on pci0

Mar 29 23:23:43 dummynetvm1 kernel: em1: Using 1024 TX descriptors and 1024 RX descriptors

Mar 29 23:23:43 dummynetvm1 kernel: em1: Ethernet address: 08:00:27:38:ec:2c

Mar 29 23:23:43 dummynetvm1 kernel: em1: netmap queues/slots: TX 1/1024, RX 1/1024

Mar 29 23:23:43 dummynetvm1 kernel: em2: <Intel(R) Legacy PRO/1000 MT 82540EM> port 0xd248-0xd24f mem 0xf0840000-0xf085ffff irq 17 at device 9.0 on pci0

Mar 29 23:23:43 dummynetvm1 kernel: em2: Using 1024 TX descriptors and 1024 RX descriptors

Mar 29 23:23:43 dummynetvm1 kernel: em2: Ethernet address: 08:00:27:57:76:4f

Mar 29 23:23:43 dummynetvm1 kernel: em2: netmap queues/slots: TX 1/1024, RX 1/1024

Mar 29 23:23:43 dummynetvm1 kernel: em3: <Intel(R) Legacy PRO/1000 MT 82540EM> port 0xd250-0xd257 mem 0xf0860000-0xf087ffff irq 18 at device 10.0 on pci0

Mar 29 23:23:43 dummynetvm1 kernel: em3: Using 1024 TX descriptors and 1024 RX descriptors

Mar 29 23:23:43 dummynetvm1 kernel: em3: Ethernet address: 08:00:27:2b:8e:e5

Mar 29 23:23:43 dummynetvm1 kernel: em3: netmap queues/slots: TX 1/1024, RX 1/1024

Mar 29 23:23:43 dummynetvm1 kernel: ehci0: <Intel 82801FB (ICH6) USB 2.0 controller> mem 0xf0880000-0xf0880fff irq 19 at device 11.0 on pci0

Mar 29 23:23:43 dummynetvm1 kernel: usbus1: EHCI version 1.0

Mar 29 23:23:43 dummynetvm1 kernel: usbus1 on ehci0

Mar 29 23:23:43 dummynetvm1 kernel: usbus1: 480Mbps High Speed USB v2.0

Mar 29 23:23:43 dummynetvm1 kernel: battery0: <ACPI Control Method Battery> on acpi0

Mar 29 23:23:43 dummynetvm1 kernel: acpi_acad0: <AC Adapter> on acpi0

Mar 29 23:23:43 dummynetvm1 kernel: atkbdc0: <Keyboard controller (i8042)> port 0x60,0x64 irq 1 on acpi0

Mar 29 23:23:43 dummynetvm1 kernel: atkbd0: <AT Keyboard> irq 1 on atkbdc0

Mar 29 23:23:43 dummynetvm1 kernel: kbd0 at atkbd0

Mar 29 23:23:43 dummynetvm1 kernel: atkbd0: [GIANT-LOCKED]

Mar 29 23:23:43 dummynetvm1 kernel: psm0: <PS/2 Mouse> irq 12 on atkbdc0

Mar 29 23:23:43 dummynetvm1 kernel: psm0: [GIANT-LOCKED]

Mar 29 23:23:43 dummynetvm1 kernel: WARNING: Device "psm" is Giant locked and may be deleted before FreeBSD 14.0.

Mar 29 23:23:43 dummynetvm1 kernel: psm0: model IntelliMouse Explorer, device ID 4

Mar 29 23:23:43 dummynetvm1 kernel: orm0: <ISA Option ROMs> at iomem 0xc0000-0xc7fff,0xe2000-0xe2fff pnpid ORM0000 on isa0

Mar 29 23:23:43 dummynetvm1 kernel: vga0: <Generic ISA VGA> at port 0x3c0-0x3df iomem 0xa0000-0xbffff pnpid PNP0900 on isa0

Mar 29 23:23:43 dummynetvm1 kernel: atrtc0: <AT realtime clock> at port 0x70 irq 8 on isa0

Mar 29 23:23:43 dummynetvm1 kernel: atrtc0: Warning: Couldn't map I/O.

Mar 29 23:23:43 dummynetvm1 kernel: atrtc0: registered as a time-of-day clock, resolution 1.000000s

Mar 29 23:23:43 dummynetvm1 kernel: atrtc0: Can't map interrupt.

Mar 29 23:23:43 dummynetvm1 kernel: atrtc0: non-PNP ISA device will be removed from GENERIC in FreeBSD 14.

Mar 29 23:23:43 dummynetvm1 kernel: Statistical TSC calibration failed!  Clocks might be ticking at variable rates.

Mar 29 23:23:43 dummynetvm1 kernel: Falling back to slow TSC calibration.

Mar 29 23:23:43 dummynetvm1 kernel: Timecounter "TSC-low" frequency 1152305269 Hz quality 0

Mar 29 23:23:43 dummynetvm1 kernel: Statistical lapic calibration failed!  Clocks might be ticking at variable rates.

Mar 29 23:23:43 dummynetvm1 kernel: Falling back to slow lapic calibration.

Mar 29 23:23:43 dummynetvm1 kernel: Timecounters tick every 10.000 msec

Mar 29 23:23:43 dummynetvm1 kernel: ipfw2 initialized, divert loadable, nat loadable, default to accept, logging disabled

Mar 29 23:23:43 dummynetvm1 kernel: WARNING: WITNESS option enabled, expect reduced performance.

Mar 29 23:23:43 dummynetvm1 kernel: ugen0.1: <Apple OHCI root HUB> at usbus0

Mar 29 23:23:43 dummynetvm1 kernel: uhub0 on usbus0

Mar 29 23:23:43 dummynetvm1 kernel: uhub0: <Apple OHCI root HUB, class 9/0, rev 1.00/1.00, addr 1> on usbus0

Mar 29 23:23:43 dummynetvm1 kernel: ugen1.1: <Intel EHCI root HUB> at usbus1

Mar 29 23:23:43 dummynetvm1 kernel: uhub1 on usbus1

Mar 29 23:23:43 dummynetvm1 kernel: uhub1: <Intel EHCI root HUB, class 9/0, rev 2.00/1.00, addr 1> on usbus1

Mar 29 23:23:43 dummynetvm1 kernel: Trying to mount root from ufs:/dev/ada0s1a [rw]...

Mar 29 23:23:43 dummynetvm1 kernel: uhub0: 12 ports with 12 removable, self powered

Mar 29 23:23:43 dummynetvm1 kernel: ada0 at ata0 bus 0 scbus0 target 0 lun 0

Mar 29 23:23:43 dummynetvm1 kernel: ada0: <VBOX HARDDISK 1.0> ATA-6 device

Mar 29 23:23:43 dummynetvm1 kernel: ada0: Serial Number VB1df42375-b5e79faf

Mar 29 23:23:43 dummynetvm1 kernel: ada0: 33.300MB/s transfers (UDMA2, PIO 65536bytes)

Mar 29 23:23:43 dummynetvm1 kernel: ada0: 36864MB (75497472 512 byte sectors)

Mar 29 23:23:43 dummynetvm1 kernel: Root mount waiting for: usbus1

Mar 29 23:23:43 dummynetvm1 syslogd: last message repeated 4 times

Mar 29 23:23:43 dummynetvm1 kernel: uhub1: 12 ports with 12 removable, self powered

Mar 29 23:23:43 dummynetvm1 kernel: intsmb0: <Intel PIIX4 SMBUS Interface> irq 23 at device 7.0 on pci0

Mar 29 23:23:43 dummynetvm1 kernel: intsmb0: intr IRQ 9 enabled revision 0

Mar 29 23:23:43 dummynetvm1 kernel: smbus0: <System Management Bus> on intsmb0

Mar 29 23:23:43 dummynetvm1 kernel: lo0: link state changed to UP

Mar 29 23:23:43 dummynetvm1 kernel: em0: link state changed to UP

Mar 29 23:23:43 dummynetvm1 kernel: em1: link state changed to UP

Mar 29 23:23:43 dummynetvm1 kernel: em2: link state changed to UP

Mar 29 23:23:43 dummynetvm1 kernel: em3: link state changed to UP

Mar 29 23:23:43 dummynetvm1 kernel: [fib_algo] inet.0 (bsearch4#14) rebuild_fd_flm: switching algo to radix4_lockless

Mar 29 23:23:43 dummynetvm1 kernel: load_dn_sched dn_sched FIFO loaded

Mar 29 23:23:43 dummynetvm1 kernel: load_dn_sched dn_sched QFQ loaded

Mar 29 23:23:43 dummynetvm1 kernel: load_dn_sched dn_sched RR loaded

Mar 29 23:23:43 dummynetvm1 kernel: load_dn_sched dn_sched WF2Q+ loaded

Mar 29 23:23:43 dummynetvm1 kernel: load_dn_sched dn_sched PRIO loaded

Mar 29 23:23:43 dummynetvm1 kernel: load_dn_sched dn_sched FQ_CODEL loaded

Mar 29 23:23:43 dummynetvm1 kernel: load_dn_sched dn_sched FQ_PIE loaded

Mar 29 23:23:43 dummynetvm1 kernel: load_dn_aqm dn_aqm CODEL loaded

Mar 29 23:23:43 dummynetvm1 kernel: load_dn_aqm dn_aqm PIE loaded

Mar 29 23:23:58 dummynetvm1 login[904]: ROOT LOGIN (root) ON ttyv0

Mar 29 23:27:12 dummynetvm1 kernel: .

Mar 29 23:27:12 dummynetvm1 syslogd: exiting on signal 15

Apr  2 23:05:39 dummynetvm1 syslogd: kernel boot file is /boot/kernel/kernel

Apr  2 23:05:39 dummynetvm1 kernel: ---<<BOOT>>---

Apr  2 23:05:39 dummynetvm1 kernel: Copyright (c) 1992-2023 The FreeBSD Project.

Apr  2 23:05:39 dummynetvm1 kernel: Copyright (c) 1979, 1980, 1983, 1986, 1988, 1989, 1991, 1992, 1993, 1994

Apr  2 23:05:39 dummynetvm1 kernel: 	The Regents of the University of California. All rights reserved.

Apr  2 23:05:39 dummynetvm1 kernel: FreeBSD is a registered trademark of The FreeBSD Foundation.

Apr  2 23:05:39 dummynetvm1 kernel: FreeBSD 14.0-CURRENT #0 main-n261759-9b20ab1e1ef7: Sun Mar 26 12:02:39 AEDT 2023

Apr  2 23:05:39 dummynetvm1 kernel:     root@deol.freebsd.com:/usr/obj/root/FB13.1-AQM-SRC/amd64.amd64/sys/MYKERNEL amd64

Apr  2 23:05:39 dummynetvm1 kernel: FreeBSD clang version 15.0.7 (https://github.com/llvm/llvm-project.git llvmorg-15.0.7-0-g8dfdcc7b7bf6)

Apr  2 23:05:39 dummynetvm1 kernel: WARNING: WITNESS option enabled, expect reduced performance.

Apr  2 23:05:39 dummynetvm1 kernel: VT(vga): text 80x25

Apr  2 23:05:39 dummynetvm1 kernel: CPU: 11th Gen Intel(R) Core(TM) i7-11800H @ 2.30GHz (2305.98-MHz K8-class CPU)

Apr  2 23:05:39 dummynetvm1 kernel:   Origin="GenuineIntel"  Id=0x806d1  Family=0x6  Model=0x8d  Stepping=1

Apr  2 23:05:39 dummynetvm1 kernel:   Features=0x1783fbff<FPU,VME,DE,PSE,TSC,MSR,PAE,MCE,CX8,APIC,SEP,MTRR,PGE,MCA,CMOV,PAT,PSE36,MMX,FXSR,SSE,SSE2,HTT>

Apr  2 23:05:39 dummynetvm1 kernel:   Features2=0x42da2203<SSE3,PCLMULQDQ,SSSE3,CX16,PCID,SSE4.1,SSE4.2,MOVBE,POPCNT,AESNI,RDRAND>

Apr  2 23:05:39 dummynetvm1 kernel:   AMD Features=0x28100800<SYSCALL,NX,RDTSCP,LM>

Apr  2 23:05:39 dummynetvm1 kernel:   AMD Features2=0x121<LAHF,ABM,Prefetch>

Apr  2 23:05:39 dummynetvm1 kernel:   Structured Extended Features=0x842509<FSGSBASE,BMI1,BMI2,INVPCID,NFPUSG,RDSEED,CLFLUSHOPT>

Apr  2 23:05:39 dummynetvm1 kernel:   Structured Extended Features3=0x30000400<MD_CLEAR,L1DFL,ARCH_CAP>

Apr  2 23:05:39 dummynetvm1 kernel:   IA32_ARCH_CAPS=0x67<RDCL_NO,IBRS_ALL,RSBA,MDS_NO>

Apr  2 23:05:39 dummynetvm1 kernel:   TSC: P-state invariant

Apr  2 23:05:39 dummynetvm1 kernel: real memory  = 2281635840 (2175 MB)

Apr  2 23:05:39 dummynetvm1 kernel: avail memory = 2164088832 (2063 MB)

Apr  2 23:05:39 dummynetvm1 kernel: Event timer "LAPIC" quality 100

Apr  2 23:05:39 dummynetvm1 kernel: ACPI APIC Table: <VBOX   VBOXAPIC>

Apr  2 23:05:39 dummynetvm1 kernel: FreeBSD/SMP: Multiprocessor System Detected: 2 CPUs

Apr  2 23:05:39 dummynetvm1 kernel: FreeBSD/SMP: 1 package(s) x 2 cache groups x 1 core(s)

Apr  2 23:05:39 dummynetvm1 kernel: random: registering fast source Intel Secure Key RNG

Apr  2 23:05:39 dummynetvm1 kernel: random: fast provider: "Intel Secure Key RNG"

Apr  2 23:05:39 dummynetvm1 kernel: random: unblocking device.

Apr  2 23:05:39 dummynetvm1 kernel: ioapic0: MADT APIC ID 2 != hw id 0

Apr  2 23:05:39 dummynetvm1 kernel: ioapic0 <Version 2.0> irqs 0-23

Apr  2 23:05:39 dummynetvm1 kernel: Launching APs: 1

Apr  2 23:05:39 dummynetvm1 kernel: random: entropy device external interface

Apr  2 23:05:39 dummynetvm1 kernel: kbd1 at kbdmux0

Apr  2 23:05:39 dummynetvm1 kernel: vtvga0: <VT VGA driver>

Apr  2 23:05:39 dummynetvm1 kernel: smbios0: <System Management BIOS> at iomem 0xfff60-0xfff7e

Apr  2 23:05:39 dummynetvm1 kernel: smbios0: Version: 2.5, BCD Revision: 2.5

Apr  2 23:05:39 dummynetvm1 kernel: aesni0: <AES-CBC,AES-CCM,AES-GCM,AES-ICM,AES-XTS>

Apr  2 23:05:39 dummynetvm1 kernel: acpi0: <VBOX VBOXXSDT>

Apr  2 23:05:39 dummynetvm1 kernel: acpi0: Power Button (fixed)

Apr  2 23:05:39 dummynetvm1 kernel: acpi0: Sleep Button (fixed)

Apr  2 23:05:39 dummynetvm1 kernel: cpu0: <ACPI CPU> on acpi0

Apr  2 23:05:39 dummynetvm1 kernel: attimer0: <AT timer> port 0x40-0x43,0x50-0x53 on acpi0

Apr  2 23:05:39 dummynetvm1 kernel: Timecounter "i8254" frequency 1193182 Hz quality 0

Apr  2 23:05:39 dummynetvm1 kernel: Event timer "i8254" frequency 1193182 Hz quality 100

Apr  2 23:05:39 dummynetvm1 kernel: atrtc1: <AT realtime clock> on acpi0

Apr  2 23:05:39 dummynetvm1 kernel: atrtc1: registered as a time-of-day clock, resolution 1.000000s

Apr  2 23:05:39 dummynetvm1 kernel: Event timer "RTC" frequency 32768 Hz quality 0

Apr  2 23:05:39 dummynetvm1 kernel: Timecounter "ACPI-fast" frequency 3579545 Hz quality 900

Apr  2 23:05:39 dummynetvm1 kernel: acpi_timer0: <32-bit timer at 3.579545MHz> port 0x4008-0x400b on acpi0

Apr  2 23:05:39 dummynetvm1 kernel: pcib0: <ACPI Host-PCI bridge> port 0xcf8-0xcff on acpi0

Apr  2 23:05:39 dummynetvm1 kernel: pci0: <ACPI PCI bus> on pcib0

Apr  2 23:05:39 dummynetvm1 kernel: isab0: <PCI-ISA bridge> at device 1.0 on pci0

Apr  2 23:05:39 dummynetvm1 kernel: isa0: <ISA bus> on isab0

Apr  2 23:05:39 dummynetvm1 kernel: atapci0: <Intel PIIX4 UDMA33 controller> port 0x1f0-0x1f7,0x3f6,0x170-0x177,0x376,0xd000-0xd00f at device 1.1 on pci0

Apr  2 23:05:39 dummynetvm1 kernel: ata0: <ATA channel> at channel 0 on atapci0

Apr  2 23:05:39 dummynetvm1 kernel: ata1: <ATA channel> at channel 1 on atapci0

Apr  2 23:05:39 dummynetvm1 kernel: vgapci0: <VGA-compatible display> port 0xd010-0xd01f mem 0xe0000000-0xe0ffffff,0xf0000000-0xf01fffff irq 18 at device 2.0 on pci0

Apr  2 23:05:39 dummynetvm1 kernel: vgapci0: Boot video device

Apr  2 23:05:39 dummynetvm1 kernel: em0: <Intel(R) Legacy PRO/1000 MT 82540EM> port 0xd020-0xd027 mem 0xf0200000-0xf021ffff irq 19 at device 3.0 on pci0

Apr  2 23:05:39 dummynetvm1 kernel: em0: Using 1024 TX descriptors and 1024 RX descriptors

Apr  2 23:05:39 dummynetvm1 kernel: em0: Ethernet address: 08:00:27:f3:52:27

Apr  2 23:05:39 dummynetvm1 kernel: em0: netmap queues/slots: TX 1/1024, RX 1/1024

Apr  2 23:05:39 dummynetvm1 kernel: pcm0: <Intel ICH (82801AA)> port 0xd100-0xd1ff,0xd200-0xd23f irq 21 at device 5.0 on pci0

Apr  2 23:05:39 dummynetvm1 kernel: pcm0: <SigmaTel STAC9700/83/84 AC97 Codec>

Apr  2 23:05:39 dummynetvm1 kernel: ohci0: <Apple KeyLargo/Intrepid USB controller> mem 0xf0804000-0xf0804fff irq 22 at device 6.0 on pci0

Apr  2 23:05:39 dummynetvm1 kernel: usbus0 on ohci0

Apr  2 23:05:39 dummynetvm1 kernel: usbus0: 12Mbps Full Speed USB v1.0

Apr  2 23:05:39 dummynetvm1 kernel: pci0: <bridge> at device 7.0 (no driver attached)

Apr  2 23:05:39 dummynetvm1 kernel: em1: <Intel(R) Legacy PRO/1000 MT 82540EM> port 0xd240-0xd247 mem 0xf0820000-0xf083ffff irq 16 at device 8.0 on pci0

Apr  2 23:05:39 dummynetvm1 kernel: em1: Using 1024 TX descriptors and 1024 RX descriptors

Apr  2 23:05:39 dummynetvm1 kernel: em1: Ethernet address: 08:00:27:38:ec:2c

Apr  2 23:05:39 dummynetvm1 kernel: em1: netmap queues/slots: TX 1/1024, RX 1/1024

Apr  2 23:05:39 dummynetvm1 kernel: em2: <Intel(R) Legacy PRO/1000 MT 82540EM> port 0xd248-0xd24f mem 0xf0840000-0xf085ffff irq 17 at device 9.0 on pci0

Apr  2 23:05:39 dummynetvm1 kernel: em2: Using 1024 TX descriptors and 1024 RX descriptors

Apr  2 23:05:39 dummynetvm1 kernel: em2: Ethernet address: 08:00:27:57:76:4f

Apr  2 23:05:39 dummynetvm1 kernel: em2: netmap queues/slots: TX 1/1024, RX 1/1024

Apr  2 23:05:39 dummynetvm1 kernel: em3: <Intel(R) Legacy PRO/1000 MT 82540EM> port 0xd250-0xd257 mem 0xf0860000-0xf087ffff irq 18 at device 10.0 on pci0

Apr  2 23:05:39 dummynetvm1 kernel: em3: Using 1024 TX descriptors and 1024 RX descriptors

Apr  2 23:05:39 dummynetvm1 kernel: em3: Ethernet address: 08:00:27:2b:8e:e5

Apr  2 23:05:39 dummynetvm1 kernel: em3: netmap queues/slots: TX 1/1024, RX 1/1024

Apr  2 23:05:39 dummynetvm1 kernel: ehci0: <Intel 82801FB (ICH6) USB 2.0 controller> mem 0xf0880000-0xf0880fff irq 19 at device 11.0 on pci0

Apr  2 23:05:39 dummynetvm1 kernel: usbus1: EHCI version 1.0

Apr  2 23:05:39 dummynetvm1 kernel: usbus1 on ehci0

Apr  2 23:05:39 dummynetvm1 kernel: usbus1: 480Mbps High Speed USB v2.0

Apr  2 23:05:39 dummynetvm1 kernel: battery0: <ACPI Control Method Battery> on acpi0

Apr  2 23:05:39 dummynetvm1 kernel: acpi_acad0: <AC Adapter> on acpi0

Apr  2 23:05:39 dummynetvm1 kernel: atkbdc0: <Keyboard controller (i8042)> port 0x60,0x64 irq 1 on acpi0

Apr  2 23:05:39 dummynetvm1 kernel: atkbd0: <AT Keyboard> irq 1 on atkbdc0

Apr  2 23:05:39 dummynetvm1 kernel: kbd0 at atkbd0

Apr  2 23:05:39 dummynetvm1 kernel: atkbd0: [GIANT-LOCKED]

Apr  2 23:05:39 dummynetvm1 kernel: psm0: <PS/2 Mouse> irq 12 on atkbdc0

Apr  2 23:05:39 dummynetvm1 kernel: psm0: [GIANT-LOCKED]

Apr  2 23:05:39 dummynetvm1 kernel: WARNING: Device "psm" is Giant locked and may be deleted before FreeBSD 14.0.

Apr  2 23:05:39 dummynetvm1 kernel: psm0: model IntelliMouse Explorer, device ID 4

Apr  2 23:05:39 dummynetvm1 kernel: orm0: <ISA Option ROMs> at iomem 0xc0000-0xc7fff,0xe2000-0xe2fff pnpid ORM0000 on isa0

Apr  2 23:05:39 dummynetvm1 kernel: vga0: <Generic ISA VGA> at port 0x3c0-0x3df iomem 0xa0000-0xbffff pnpid PNP0900 on isa0

Apr  2 23:05:39 dummynetvm1 kernel: atrtc0: <AT realtime clock> at port 0x70 irq 8 on isa0

Apr  2 23:05:39 dummynetvm1 kernel: atrtc0: Warning: Couldn't map I/O.

Apr  2 23:05:39 dummynetvm1 kernel: atrtc0: registered as a time-of-day clock, resolution 1.000000s

Apr  2 23:05:39 dummynetvm1 kernel: atrtc0: Can't map interrupt.

Apr  2 23:05:39 dummynetvm1 kernel: atrtc0: non-PNP ISA device will be removed from GENERIC in FreeBSD 14.

Apr  2 23:05:39 dummynetvm1 kernel: Statistical TSC calibration failed!  Clocks might be ticking at variable rates.

Apr  2 23:05:39 dummynetvm1 kernel: Falling back to slow TSC calibration.

Apr  2 23:05:39 dummynetvm1 kernel: Timecounter "TSC-low" frequency 1152531786 Hz quality 0

Apr  2 23:05:39 dummynetvm1 kernel: Statistical lapic calibration failed!  Clocks might be ticking at variable rates.

Apr  2 23:05:39 dummynetvm1 kernel: Falling back to slow lapic calibration.

Apr  2 23:05:39 dummynetvm1 kernel: Timecounters tick every 10.000 msec

Apr  2 23:05:39 dummynetvm1 kernel: ipfw2 initialized, divert loadable, nat loadable, default to accept, logging disabled

Apr  2 23:05:39 dummynetvm1 kernel: WARNING: WITNESS option enabled, expect reduced performance.

Apr  2 23:05:39 dummynetvm1 kernel: ugen0.1: <Apple OHCI root HUB> at usbus0

Apr  2 23:05:39 dummynetvm1 kernel: uhub0 on usbus0

Apr  2 23:05:39 dummynetvm1 kernel: uhub0: <Apple OHCI root HUB, class 9/0, rev 1.00/1.00, addr 1> on usbus0

Apr  2 23:05:39 dummynetvm1 kernel: ugen1.1: <Intel EHCI root HUB> at usbus1

Apr  2 23:05:39 dummynetvm1 kernel: uhub1 on usbus1

Apr  2 23:05:39 dummynetvm1 kernel: uhub1: <Intel EHCI root HUB, class 9/0, rev 2.00/1.00, addr 1> on usbus1

Apr  2 23:05:39 dummynetvm1 kernel: Trying to mount root from ufs:/dev/ada0s1a [rw]...

Apr  2 23:05:39 dummynetvm1 kernel: uhub0: 12 ports with 12 removable, self powered

Apr  2 23:05:39 dummynetvm1 kernel: ada0 at ata0 bus 0 scbus0 target 0 lun 0

Apr  2 23:05:39 dummynetvm1 kernel: ada0: <VBOX HARDDISK 1.0> ATA-6 device

Apr  2 23:05:39 dummynetvm1 kernel: ada0: Serial Number VB1df42375-b5e79faf

Apr  2 23:05:39 dummynetvm1 kernel: ada0: 33.300MB/s transfers (UDMA2, PIO 65536bytes)

Apr  2 23:05:39 dummynetvm1 kernel: ada0: 36864MB (75497472 512 byte sectors)

Apr  2 23:05:39 dummynetvm1 kernel: Root mount waiting for: usbus1 ada

Apr  2 23:05:39 dummynetvm1 kernel: Root mount waiting for: usbus1

Apr  2 23:05:39 dummynetvm1 syslogd: last message repeated 2 times

Apr  2 23:05:39 dummynetvm1 kernel: uhub1: 12 ports with 12 removable, self powered

Apr  2 23:05:39 dummynetvm1 kernel: intsmb0: <Intel PIIX4 SMBUS Interface> irq 23 at device 7.0 on pci0

Apr  2 23:05:39 dummynetvm1 kernel: intsmb0: intr IRQ 9 enabled revision 0

Apr  2 23:05:39 dummynetvm1 kernel: smbus0: <System Management Bus> on intsmb0

Apr  2 23:05:39 dummynetvm1 kernel: lo0: link state changed to UP

Apr  2 23:05:39 dummynetvm1 kernel: em0: link state changed to UP

Apr  2 23:05:39 dummynetvm1 kernel: em1: link state changed to UP

Apr  2 23:05:39 dummynetvm1 kernel: em2: link state changed to UP

Apr  2 23:05:39 dummynetvm1 kernel: em3: link state changed to UP

Apr  2 23:05:39 dummynetvm1 kernel: [fib_algo] inet.0 (bsearch4#14) rebuild_fd_flm: switching algo to radix4_lockless

Apr  2 23:05:39 dummynetvm1 kernel: load_dn_sched dn_sched FIFO loaded

Apr  2 23:05:39 dummynetvm1 kernel: load_dn_sched dn_sched QFQ loaded

Apr  2 23:05:39 dummynetvm1 kernel: load_dn_sched dn_sched RR loaded

Apr  2 23:05:39 dummynetvm1 kernel: load_dn_sched dn_sched WF2Q+ loaded

Apr  2 23:05:39 dummynetvm1 kernel: load_dn_sched dn_sched PRIO loaded

Apr  2 23:05:39 dummynetvm1 kernel: load_dn_sched dn_sched FQ_CODEL loaded

Apr  2 23:05:39 dummynetvm1 kernel: load_dn_sched dn_sched FQ_PIE loaded

Apr  2 23:05:39 dummynetvm1 kernel: load_dn_aqm dn_aqm CODEL loaded

Apr  2 23:05:39 dummynetvm1 kernel: load_dn_aqm dn_aqm PIE loaded

Apr  3 00:23:02 dummynetvm1 shutdown[19453]: power-down by root: 

Apr  3 00:23:02 dummynetvm1 kernel: .

Apr  3 00:23:02 dummynetvm1 syslogd: exiting on signal 15

Apr  3 22:26:29 dummynetvm1 syslogd: kernel boot file is /boot/kernel/kernel

Apr  3 22:26:29 dummynetvm1 kernel: ---<<BOOT>>---

Apr  3 22:26:29 dummynetvm1 kernel: Copyright (c) 1992-2023 The FreeBSD Project.

Apr  3 22:26:29 dummynetvm1 kernel: Copyright (c) 1979, 1980, 1983, 1986, 1988, 1989, 1991, 1992, 1993, 1994

Apr  3 22:26:29 dummynetvm1 kernel: 	The Regents of the University of California. All rights reserved.

Apr  3 22:26:29 dummynetvm1 kernel: FreeBSD is a registered trademark of The FreeBSD Foundation.

Apr  3 22:26:29 dummynetvm1 kernel: FreeBSD 14.0-CURRENT #0 main-n261759-9b20ab1e1ef7: Sun Mar 26 12:02:39 AEDT 2023

Apr  3 22:26:29 dummynetvm1 kernel:     root@deol.freebsd.com:/usr/obj/root/FB13.1-AQM-SRC/amd64.amd64/sys/MYKERNEL amd64

Apr  3 22:26:29 dummynetvm1 kernel: FreeBSD clang version 15.0.7 (https://github.com/llvm/llvm-project.git llvmorg-15.0.7-0-g8dfdcc7b7bf6)

Apr  3 22:26:29 dummynetvm1 kernel: WARNING: WITNESS option enabled, expect reduced performance.

Apr  3 22:26:29 dummynetvm1 kernel: VT(vga): text 80x25

Apr  3 22:26:29 dummynetvm1 kernel: CPU: 11th Gen Intel(R) Core(TM) i7-11800H @ 2.30GHz (2305.67-MHz K8-class CPU)

Apr  3 22:26:29 dummynetvm1 kernel:   Origin="GenuineIntel"  Id=0x806d1  Family=0x6  Model=0x8d  Stepping=1

Apr  3 22:26:29 dummynetvm1 kernel:   Features=0x1783fbff<FPU,VME,DE,PSE,TSC,MSR,PAE,MCE,CX8,APIC,SEP,MTRR,PGE,MCA,CMOV,PAT,PSE36,MMX,FXSR,SSE,SSE2,HTT>

Apr  3 22:26:29 dummynetvm1 kernel:   Features2=0x42da2203<SSE3,PCLMULQDQ,SSSE3,CX16,PCID,SSE4.1,SSE4.2,MOVBE,POPCNT,AESNI,RDRAND>

Apr  3 22:26:29 dummynetvm1 kernel:   AMD Features=0x28100800<SYSCALL,NX,RDTSCP,LM>

Apr  3 22:26:29 dummynetvm1 kernel:   AMD Features2=0x121<LAHF,ABM,Prefetch>

Apr  3 22:26:29 dummynetvm1 kernel:   Structured Extended Features=0x842509<FSGSBASE,BMI1,BMI2,INVPCID,NFPUSG,RDSEED,CLFLUSHOPT>

Apr  3 22:26:29 dummynetvm1 kernel:   Structured Extended Features3=0x30000400<MD_CLEAR,L1DFL,ARCH_CAP>

Apr  3 22:26:29 dummynetvm1 kernel:   IA32_ARCH_CAPS=0x67<RDCL_NO,IBRS_ALL,RSBA,MDS_NO>

Apr  3 22:26:29 dummynetvm1 kernel:   TSC: P-state invariant

Apr  3 22:26:29 dummynetvm1 kernel: real memory  = 2281635840 (2175 MB)

Apr  3 22:26:29 dummynetvm1 kernel: avail memory = 2164088832 (2063 MB)

Apr  3 22:26:29 dummynetvm1 kernel: Event timer "LAPIC" quality 100

Apr  3 22:26:29 dummynetvm1 kernel: ACPI APIC Table: <VBOX   VBOXAPIC>

Apr  3 22:26:29 dummynetvm1 kernel: FreeBSD/SMP: Multiprocessor System Detected: 2 CPUs

Apr  3 22:26:29 dummynetvm1 kernel: FreeBSD/SMP: 1 package(s) x 2 cache groups x 1 core(s)

Apr  3 22:26:29 dummynetvm1 kernel: random: registering fast source Intel Secure Key RNG

Apr  3 22:26:29 dummynetvm1 kernel: random: fast provider: "Intel Secure Key RNG"

Apr  3 22:26:29 dummynetvm1 kernel: random: unblocking device.

Apr  3 22:26:29 dummynetvm1 kernel: ioapic0: MADT APIC ID 2 != hw id 0

Apr  3 22:26:29 dummynetvm1 kernel: ioapic0 <Version 2.0> irqs 0-23

Apr  3 22:26:29 dummynetvm1 kernel: Launching APs: 1

Apr  3 22:26:29 dummynetvm1 kernel: random: entropy device external interface

Apr  3 22:26:29 dummynetvm1 kernel: kbd1 at kbdmux0

